// Jest Snapshot v1, https://goo.gl/fbAQLP

exports[`decomposePrivateKey should also support Uint8Array, ArrayBuffer and string besides Node's Buffer 1`] = `
Object {
  "encryptionAlgorithm": null,
  "format": "pkcs8-pem",
  "keyAlgorithm": Object {
    "id": "rsa-encryption",
  },
  "keyData": Object {
    "coefficient": Uint8Array [
      20,
      32,
      230,
      80,
      173,
      199,
      6,
      196,
      21,
      252,
      104,
      228,
      186,
      88,
      28,
      190,
      178,
      226,
      230,
      22,
      74,
      65,
      212,
      107,
      155,
      8,
      208,
      227,
      222,
      26,
      229,
      184,
      178,
      99,
      193,
      62,
      7,
      240,
      202,
      57,
      135,
      5,
      207,
      217,
      150,
      86,
      169,
      47,
      144,
      120,
      114,
      81,
      46,
      38,
      112,
      98,
      236,
      76,
      32,
      155,
      119,
      85,
      157,
      198,
      178,
      91,
      142,
      151,
      217,
      77,
      254,
      156,
      237,
      141,
      246,
      139,
      134,
      135,
      190,
      193,
      73,
      236,
      242,
      201,
      59,
      140,
      242,
      188,
      19,
      150,
      244,
      72,
      1,
      185,
      61,
      28,
      173,
      8,
      208,
      163,
      204,
      120,
      136,
      63,
      121,
      168,
      49,
      130,
      238,
      49,
      80,
      36,
      76,
      1,
      175,
      130,
      172,
      188,
      190,
      196,
      95,
      194,
      22,
      32,
      191,
      114,
      63,
      4,
    ],
    "exponent1": Uint8Array [
      41,
      135,
      239,
      111,
      223,
      220,
      208,
      232,
      2,
      94,
      181,
      34,
      20,
      100,
      232,
      41,
      28,
      125,
      138,
      162,
      143,
      245,
      83,
      0,
      149,
      81,
      228,
      206,
      246,
      2,
      73,
      17,
      42,
      98,
      17,
      129,
      129,
      16,
      82,
      214,
      178,
      123,
      6,
      165,
      87,
      107,
      134,
      142,
      169,
      36,
      202,
      138,
      133,
      210,
      98,
      248,
      60,
      29,
      56,
      209,
      30,
      110,
      109,
      202,
      81,
      247,
      57,
      19,
      33,
      168,
      178,
      12,
      27,
      166,
      46,
      184,
      199,
      212,
      63,
      239,
      191,
      166,
      81,
      168,
      105,
      158,
      48,
      110,
      116,
      32,
      239,
      167,
      188,
      98,
      248,
      30,
      27,
      138,
      100,
      7,
      240,
      144,
      55,
      194,
      80,
      130,
      250,
      45,
      4,
      231,
      161,
      20,
      66,
      198,
      66,
      230,
      224,
      70,
      219,
      251,
      138,
      92,
      199,
      151,
      78,
      143,
      124,
      75,
    ],
    "exponent2": Uint8Array [
      52,
      40,
      6,
      8,
      219,
      133,
      1,
      122,
      206,
      232,
      40,
      254,
      162,
      221,
      117,
      94,
      49,
      148,
      192,
      22,
      208,
      113,
      48,
      25,
      26,
      32,
      88,
      71,
      3,
      241,
      102,
      215,
      75,
      9,
      52,
      77,
      29,
      20,
      108,
      138,
      126,
      142,
      92,
      174,
      65,
      47,
      123,
      181,
      205,
      254,
      152,
      71,
      236,
      98,
      28,
      45,
      253,
      224,
      178,
      235,
      240,
      232,
      81,
      209,
      13,
      21,
      159,
      5,
      51,
      147,
      96,
      240,
      186,
      97,
      98,
      100,
      209,
      70,
      205,
      26,
      192,
      227,
      15,
      111,
      143,
      90,
      147,
      183,
      189,
      87,
      28,
      185,
      204,
      105,
      5,
      209,
      171,
      52,
      167,
      43,
      244,
      22,
      76,
      93,
      12,
      35,
      0,
      65,
      237,
      179,
      91,
      101,
      220,
      50,
      68,
      224,
      62,
      163,
      226,
      149,
      206,
      224,
      114,
      171,
      233,
      193,
      115,
      241,
    ],
    "modulus": Uint8Array [
      0,
      166,
      53,
      131,
      232,
      151,
      254,
      22,
      219,
      180,
      187,
      248,
      106,
      17,
      27,
      154,
      231,
      54,
      49,
      36,
      22,
      10,
      198,
      20,
      164,
      30,
      244,
      55,
      252,
      5,
      253,
      91,
      131,
      90,
      129,
      232,
      148,
      26,
      193,
      236,
      165,
      71,
      201,
      95,
      139,
      165,
      207,
      106,
      0,
      89,
      83,
      231,
      68,
      86,
      202,
      67,
      242,
      193,
      62,
      0,
      101,
      111,
      4,
      4,
      197,
      136,
      152,
      220,
      168,
      57,
      214,
      225,
      203,
      42,
      253,
      214,
      225,
      142,
      179,
      82,
      91,
      227,
      242,
      13,
      96,
      98,
      232,
      120,
      169,
      74,
      249,
      197,
      192,
      205,
      62,
      17,
      16,
      110,
      162,
      125,
      134,
      42,
      65,
      235,
      199,
      202,
      41,
      193,
      216,
      79,
      100,
      159,
      69,
      241,
      45,
      222,
      131,
      197,
      102,
      222,
      131,
      59,
      53,
      178,
      219,
      77,
      171,
      215,
      148,
      229,
      144,
      181,
      19,
      37,
      50,
      142,
      193,
      34,
      125,
      168,
      105,
      124,
      205,
      161,
      248,
      237,
      32,
      202,
      94,
      83,
      170,
      95,
      67,
      147,
      177,
      80,
      30,
      57,
      208,
      36,
      47,
      199,
      13,
      173,
      241,
      116,
      71,
      78,
      196,
      191,
      155,
      252,
      169,
      45,
      103,
      252,
      95,
      115,
      168,
      150,
      162,
      222,
      90,
      59,
      204,
      249,
      122,
      79,
      65,
      147,
      255,
      57,
      159,
      18,
      15,
      215,
      26,
      167,
      253,
      146,
      210,
      25,
      66,
      88,
      127,
      80,
      8,
      218,
      207,
      54,
      29,
      81,
      62,
      87,
      148,
      139,
      188,
      114,
      54,
      229,
      199,
      62,
      227,
      63,
      169,
      42,
      0,
      93,
      168,
      174,
      255,
      38,
      147,
      1,
      41,
      44,
      83,
      215,
      89,
      81,
      49,
      60,
      228,
      54,
      249,
      107,
      156,
      177,
      168,
      50,
      231,
      81,
      155,
      171,
      209,
      190,
      213,
    ],
    "prime1": Uint8Array [
      0,
      221,
      96,
      60,
      118,
      43,
      8,
      18,
      236,
      79,
      2,
      247,
      149,
      109,
      5,
      92,
      215,
      227,
      252,
      230,
      116,
      71,
      138,
      75,
      159,
      37,
      45,
      31,
      111,
      249,
      92,
      242,
      217,
      167,
      254,
      21,
      5,
      82,
      67,
      21,
      178,
      71,
      180,
      17,
      20,
      205,
      81,
      89,
      89,
      76,
      12,
      167,
      35,
      247,
      91,
      113,
      141,
      107,
      210,
      182,
      60,
      147,
      40,
      32,
      169,
      229,
      236,
      8,
      117,
      253,
      95,
      117,
      216,
      110,
      209,
      99,
      113,
      77,
      20,
      235,
      178,
      243,
      178,
      39,
      168,
      200,
      219,
      64,
      74,
      13,
      133,
      112,
      184,
      122,
      167,
      52,
      248,
      175,
      62,
      111,
      70,
      222,
      43,
      27,
      110,
      214,
      156,
      236,
      200,
      29,
      233,
      195,
      40,
      73,
      88,
      22,
      194,
      191,
      56,
      9,
      54,
      31,
      71,
      207,
      242,
      34,
      212,
      122,
      231,
    ],
    "prime2": Uint8Array [
      0,
      192,
      52,
      109,
      224,
      2,
      10,
      200,
      37,
      22,
      68,
      191,
      185,
      59,
      123,
      57,
      102,
      240,
      9,
      1,
      169,
      222,
      66,
      28,
      4,
      74,
      253,
      98,
      204,
      61,
      39,
      226,
      164,
      239,
      138,
      17,
      34,
      115,
      223,
      110,
      226,
      26,
      98,
      71,
      30,
      183,
      136,
      48,
      113,
      116,
      243,
      78,
      191,
      118,
      105,
      215,
      1,
      46,
      99,
      248,
      89,
      225,
      50,
      211,
      27,
      129,
      225,
      138,
      177,
      98,
      31,
      217,
      93,
      142,
      182,
      152,
      202,
      128,
      234,
      113,
      27,
      244,
      115,
      218,
      244,
      207,
      228,
      221,
      212,
      183,
      22,
      94,
      231,
      154,
      61,
      76,
      11,
      76,
      231,
      11,
      104,
      215,
      156,
      130,
      45,
      185,
      192,
      215,
      48,
      115,
      237,
      62,
      170,
      21,
      196,
      92,
      218,
      218,
      161,
      238,
      162,
      160,
      100,
      113,
      8,
      208,
      220,
      156,
      227,
    ],
    "privateExponent": Uint8Array [
      108,
      67,
      149,
      157,
      175,
      75,
      170,
      22,
      8,
      191,
      28,
      11,
      243,
      2,
      217,
      62,
      220,
      52,
      220,
      61,
      163,
      92,
      237,
      91,
      14,
      114,
      163,
      248,
      252,
      233,
      208,
      111,
      90,
      72,
      30,
      120,
      66,
      137,
      169,
      28,
      236,
      10,
      198,
      186,
      207,
      17,
      177,
      9,
      115,
      38,
      77,
      17,
      93,
      187,
      56,
      209,
      106,
      128,
      121,
      127,
      152,
      245,
      180,
      41,
      251,
      85,
      30,
      254,
      81,
      86,
      160,
      19,
      87,
      248,
      170,
      188,
      151,
      216,
      68,
      192,
      104,
      85,
      101,
      211,
      47,
      250,
      31,
      134,
      158,
      184,
      221,
      208,
      61,
      160,
      189,
      58,
      199,
      229,
      253,
      255,
      163,
      140,
      247,
      9,
      87,
      173,
      37,
      128,
      66,
      14,
      216,
      20,
      150,
      9,
      251,
      212,
      55,
      132,
      79,
      82,
      138,
      1,
      235,
      116,
      32,
      62,
      220,
      24,
      42,
      158,
      137,
      92,
      23,
      255,
      134,
      106,
      229,
      195,
      186,
      62,
      112,
      165,
      147,
      10,
      240,
      137,
      107,
      112,
      196,
      175,
      190,
      57,
      200,
      138,
      105,
      151,
      91,
      239,
      244,
      221,
      67,
      136,
      38,
      47,
      255,
      200,
      37,
      15,
      166,
      11,
      132,
      89,
      195,
      166,
      174,
      10,
      31,
      233,
      233,
      115,
      105,
      225,
      12,
      36,
      199,
      166,
      228,
      132,
      51,
      3,
      45,
      32,
      160,
      95,
      179,
      165,
      71,
      198,
      63,
      65,
      243,
      105,
      203,
      233,
      137,
      77,
      167,
      142,
      137,
      58,
      155,
      51,
      231,
      185,
      181,
      129,
      44,
      241,
      69,
      87,
      211,
      106,
      5,
      66,
      209,
      0,
      176,
      49,
      223,
      28,
      6,
      146,
      8,
      92,
      230,
      167,
      245,
      57,
      241,
      123,
      104,
      217,
      83,
      110,
      126,
      206,
      233,
      123,
      176,
      162,
      123,
      173,
      68,
      226,
      184,
      13,
    ],
    "publicExponent": Uint8Array [
      1,
      0,
      1,
    ],
  },
}
`;

exports[`decomposePrivateKey should also support Uint8Array, ArrayBuffer and string besides Node's Buffer 2`] = `
Object {
  "encryptionAlgorithm": null,
  "format": "pkcs8-pem",
  "keyAlgorithm": Object {
    "id": "rsa-encryption",
  },
  "keyData": Object {
    "coefficient": Uint8Array [
      20,
      32,
      230,
      80,
      173,
      199,
      6,
      196,
      21,
      252,
      104,
      228,
      186,
      88,
      28,
      190,
      178,
      226,
      230,
      22,
      74,
      65,
      212,
      107,
      155,
      8,
      208,
      227,
      222,
      26,
      229,
      184,
      178,
      99,
      193,
      62,
      7,
      240,
      202,
      57,
      135,
      5,
      207,
      217,
      150,
      86,
      169,
      47,
      144,
      120,
      114,
      81,
      46,
      38,
      112,
      98,
      236,
      76,
      32,
      155,
      119,
      85,
      157,
      198,
      178,
      91,
      142,
      151,
      217,
      77,
      254,
      156,
      237,
      141,
      246,
      139,
      134,
      135,
      190,
      193,
      73,
      236,
      242,
      201,
      59,
      140,
      242,
      188,
      19,
      150,
      244,
      72,
      1,
      185,
      61,
      28,
      173,
      8,
      208,
      163,
      204,
      120,
      136,
      63,
      121,
      168,
      49,
      130,
      238,
      49,
      80,
      36,
      76,
      1,
      175,
      130,
      172,
      188,
      190,
      196,
      95,
      194,
      22,
      32,
      191,
      114,
      63,
      4,
    ],
    "exponent1": Uint8Array [
      41,
      135,
      239,
      111,
      223,
      220,
      208,
      232,
      2,
      94,
      181,
      34,
      20,
      100,
      232,
      41,
      28,
      125,
      138,
      162,
      143,
      245,
      83,
      0,
      149,
      81,
      228,
      206,
      246,
      2,
      73,
      17,
      42,
      98,
      17,
      129,
      129,
      16,
      82,
      214,
      178,
      123,
      6,
      165,
      87,
      107,
      134,
      142,
      169,
      36,
      202,
      138,
      133,
      210,
      98,
      248,
      60,
      29,
      56,
      209,
      30,
      110,
      109,
      202,
      81,
      247,
      57,
      19,
      33,
      168,
      178,
      12,
      27,
      166,
      46,
      184,
      199,
      212,
      63,
      239,
      191,
      166,
      81,
      168,
      105,
      158,
      48,
      110,
      116,
      32,
      239,
      167,
      188,
      98,
      248,
      30,
      27,
      138,
      100,
      7,
      240,
      144,
      55,
      194,
      80,
      130,
      250,
      45,
      4,
      231,
      161,
      20,
      66,
      198,
      66,
      230,
      224,
      70,
      219,
      251,
      138,
      92,
      199,
      151,
      78,
      143,
      124,
      75,
    ],
    "exponent2": Uint8Array [
      52,
      40,
      6,
      8,
      219,
      133,
      1,
      122,
      206,
      232,
      40,
      254,
      162,
      221,
      117,
      94,
      49,
      148,
      192,
      22,
      208,
      113,
      48,
      25,
      26,
      32,
      88,
      71,
      3,
      241,
      102,
      215,
      75,
      9,
      52,
      77,
      29,
      20,
      108,
      138,
      126,
      142,
      92,
      174,
      65,
      47,
      123,
      181,
      205,
      254,
      152,
      71,
      236,
      98,
      28,
      45,
      253,
      224,
      178,
      235,
      240,
      232,
      81,
      209,
      13,
      21,
      159,
      5,
      51,
      147,
      96,
      240,
      186,
      97,
      98,
      100,
      209,
      70,
      205,
      26,
      192,
      227,
      15,
      111,
      143,
      90,
      147,
      183,
      189,
      87,
      28,
      185,
      204,
      105,
      5,
      209,
      171,
      52,
      167,
      43,
      244,
      22,
      76,
      93,
      12,
      35,
      0,
      65,
      237,
      179,
      91,
      101,
      220,
      50,
      68,
      224,
      62,
      163,
      226,
      149,
      206,
      224,
      114,
      171,
      233,
      193,
      115,
      241,
    ],
    "modulus": Uint8Array [
      0,
      166,
      53,
      131,
      232,
      151,
      254,
      22,
      219,
      180,
      187,
      248,
      106,
      17,
      27,
      154,
      231,
      54,
      49,
      36,
      22,
      10,
      198,
      20,
      164,
      30,
      244,
      55,
      252,
      5,
      253,
      91,
      131,
      90,
      129,
      232,
      148,
      26,
      193,
      236,
      165,
      71,
      201,
      95,
      139,
      165,
      207,
      106,
      0,
      89,
      83,
      231,
      68,
      86,
      202,
      67,
      242,
      193,
      62,
      0,
      101,
      111,
      4,
      4,
      197,
      136,
      152,
      220,
      168,
      57,
      214,
      225,
      203,
      42,
      253,
      214,
      225,
      142,
      179,
      82,
      91,
      227,
      242,
      13,
      96,
      98,
      232,
      120,
      169,
      74,
      249,
      197,
      192,
      205,
      62,
      17,
      16,
      110,
      162,
      125,
      134,
      42,
      65,
      235,
      199,
      202,
      41,
      193,
      216,
      79,
      100,
      159,
      69,
      241,
      45,
      222,
      131,
      197,
      102,
      222,
      131,
      59,
      53,
      178,
      219,
      77,
      171,
      215,
      148,
      229,
      144,
      181,
      19,
      37,
      50,
      142,
      193,
      34,
      125,
      168,
      105,
      124,
      205,
      161,
      248,
      237,
      32,
      202,
      94,
      83,
      170,
      95,
      67,
      147,
      177,
      80,
      30,
      57,
      208,
      36,
      47,
      199,
      13,
      173,
      241,
      116,
      71,
      78,
      196,
      191,
      155,
      252,
      169,
      45,
      103,
      252,
      95,
      115,
      168,
      150,
      162,
      222,
      90,
      59,
      204,
      249,
      122,
      79,
      65,
      147,
      255,
      57,
      159,
      18,
      15,
      215,
      26,
      167,
      253,
      146,
      210,
      25,
      66,
      88,
      127,
      80,
      8,
      218,
      207,
      54,
      29,
      81,
      62,
      87,
      148,
      139,
      188,
      114,
      54,
      229,
      199,
      62,
      227,
      63,
      169,
      42,
      0,
      93,
      168,
      174,
      255,
      38,
      147,
      1,
      41,
      44,
      83,
      215,
      89,
      81,
      49,
      60,
      228,
      54,
      249,
      107,
      156,
      177,
      168,
      50,
      231,
      81,
      155,
      171,
      209,
      190,
      213,
    ],
    "prime1": Uint8Array [
      0,
      221,
      96,
      60,
      118,
      43,
      8,
      18,
      236,
      79,
      2,
      247,
      149,
      109,
      5,
      92,
      215,
      227,
      252,
      230,
      116,
      71,
      138,
      75,
      159,
      37,
      45,
      31,
      111,
      249,
      92,
      242,
      217,
      167,
      254,
      21,
      5,
      82,
      67,
      21,
      178,
      71,
      180,
      17,
      20,
      205,
      81,
      89,
      89,
      76,
      12,
      167,
      35,
      247,
      91,
      113,
      141,
      107,
      210,
      182,
      60,
      147,
      40,
      32,
      169,
      229,
      236,
      8,
      117,
      253,
      95,
      117,
      216,
      110,
      209,
      99,
      113,
      77,
      20,
      235,
      178,
      243,
      178,
      39,
      168,
      200,
      219,
      64,
      74,
      13,
      133,
      112,
      184,
      122,
      167,
      52,
      248,
      175,
      62,
      111,
      70,
      222,
      43,
      27,
      110,
      214,
      156,
      236,
      200,
      29,
      233,
      195,
      40,
      73,
      88,
      22,
      194,
      191,
      56,
      9,
      54,
      31,
      71,
      207,
      242,
      34,
      212,
      122,
      231,
    ],
    "prime2": Uint8Array [
      0,
      192,
      52,
      109,
      224,
      2,
      10,
      200,
      37,
      22,
      68,
      191,
      185,
      59,
      123,
      57,
      102,
      240,
      9,
      1,
      169,
      222,
      66,
      28,
      4,
      74,
      253,
      98,
      204,
      61,
      39,
      226,
      164,
      239,
      138,
      17,
      34,
      115,
      223,
      110,
      226,
      26,
      98,
      71,
      30,
      183,
      136,
      48,
      113,
      116,
      243,
      78,
      191,
      118,
      105,
      215,
      1,
      46,
      99,
      248,
      89,
      225,
      50,
      211,
      27,
      129,
      225,
      138,
      177,
      98,
      31,
      217,
      93,
      142,
      182,
      152,
      202,
      128,
      234,
      113,
      27,
      244,
      115,
      218,
      244,
      207,
      228,
      221,
      212,
      183,
      22,
      94,
      231,
      154,
      61,
      76,
      11,
      76,
      231,
      11,
      104,
      215,
      156,
      130,
      45,
      185,
      192,
      215,
      48,
      115,
      237,
      62,
      170,
      21,
      196,
      92,
      218,
      218,
      161,
      238,
      162,
      160,
      100,
      113,
      8,
      208,
      220,
      156,
      227,
    ],
    "privateExponent": Uint8Array [
      108,
      67,
      149,
      157,
      175,
      75,
      170,
      22,
      8,
      191,
      28,
      11,
      243,
      2,
      217,
      62,
      220,
      52,
      220,
      61,
      163,
      92,
      237,
      91,
      14,
      114,
      163,
      248,
      252,
      233,
      208,
      111,
      90,
      72,
      30,
      120,
      66,
      137,
      169,
      28,
      236,
      10,
      198,
      186,
      207,
      17,
      177,
      9,
      115,
      38,
      77,
      17,
      93,
      187,
      56,
      209,
      106,
      128,
      121,
      127,
      152,
      245,
      180,
      41,
      251,
      85,
      30,
      254,
      81,
      86,
      160,
      19,
      87,
      248,
      170,
      188,
      151,
      216,
      68,
      192,
      104,
      85,
      101,
      211,
      47,
      250,
      31,
      134,
      158,
      184,
      221,
      208,
      61,
      160,
      189,
      58,
      199,
      229,
      253,
      255,
      163,
      140,
      247,
      9,
      87,
      173,
      37,
      128,
      66,
      14,
      216,
      20,
      150,
      9,
      251,
      212,
      55,
      132,
      79,
      82,
      138,
      1,
      235,
      116,
      32,
      62,
      220,
      24,
      42,
      158,
      137,
      92,
      23,
      255,
      134,
      106,
      229,
      195,
      186,
      62,
      112,
      165,
      147,
      10,
      240,
      137,
      107,
      112,
      196,
      175,
      190,
      57,
      200,
      138,
      105,
      151,
      91,
      239,
      244,
      221,
      67,
      136,
      38,
      47,
      255,
      200,
      37,
      15,
      166,
      11,
      132,
      89,
      195,
      166,
      174,
      10,
      31,
      233,
      233,
      115,
      105,
      225,
      12,
      36,
      199,
      166,
      228,
      132,
      51,
      3,
      45,
      32,
      160,
      95,
      179,
      165,
      71,
      198,
      63,
      65,
      243,
      105,
      203,
      233,
      137,
      77,
      167,
      142,
      137,
      58,
      155,
      51,
      231,
      185,
      181,
      129,
      44,
      241,
      69,
      87,
      211,
      106,
      5,
      66,
      209,
      0,
      176,
      49,
      223,
      28,
      6,
      146,
      8,
      92,
      230,
      167,
      245,
      57,
      241,
      123,
      104,
      217,
      83,
      110,
      126,
      206,
      233,
      123,
      176,
      162,
      123,
      173,
      68,
      226,
      184,
      13,
    ],
    "publicExponent": Uint8Array [
      1,
      0,
      1,
    ],
  },
}
`;

exports[`decomposePrivateKey should also support Uint8Array, ArrayBuffer and string besides Node's Buffer 3`] = `
Object {
  "encryptionAlgorithm": null,
  "format": "pkcs8-pem",
  "keyAlgorithm": Object {
    "id": "rsa-encryption",
  },
  "keyData": Object {
    "coefficient": Uint8Array [
      20,
      32,
      230,
      80,
      173,
      199,
      6,
      196,
      21,
      252,
      104,
      228,
      186,
      88,
      28,
      190,
      178,
      226,
      230,
      22,
      74,
      65,
      212,
      107,
      155,
      8,
      208,
      227,
      222,
      26,
      229,
      184,
      178,
      99,
      193,
      62,
      7,
      240,
      202,
      57,
      135,
      5,
      207,
      217,
      150,
      86,
      169,
      47,
      144,
      120,
      114,
      81,
      46,
      38,
      112,
      98,
      236,
      76,
      32,
      155,
      119,
      85,
      157,
      198,
      178,
      91,
      142,
      151,
      217,
      77,
      254,
      156,
      237,
      141,
      246,
      139,
      134,
      135,
      190,
      193,
      73,
      236,
      242,
      201,
      59,
      140,
      242,
      188,
      19,
      150,
      244,
      72,
      1,
      185,
      61,
      28,
      173,
      8,
      208,
      163,
      204,
      120,
      136,
      63,
      121,
      168,
      49,
      130,
      238,
      49,
      80,
      36,
      76,
      1,
      175,
      130,
      172,
      188,
      190,
      196,
      95,
      194,
      22,
      32,
      191,
      114,
      63,
      4,
    ],
    "exponent1": Uint8Array [
      41,
      135,
      239,
      111,
      223,
      220,
      208,
      232,
      2,
      94,
      181,
      34,
      20,
      100,
      232,
      41,
      28,
      125,
      138,
      162,
      143,
      245,
      83,
      0,
      149,
      81,
      228,
      206,
      246,
      2,
      73,
      17,
      42,
      98,
      17,
      129,
      129,
      16,
      82,
      214,
      178,
      123,
      6,
      165,
      87,
      107,
      134,
      142,
      169,
      36,
      202,
      138,
      133,
      210,
      98,
      248,
      60,
      29,
      56,
      209,
      30,
      110,
      109,
      202,
      81,
      247,
      57,
      19,
      33,
      168,
      178,
      12,
      27,
      166,
      46,
      184,
      199,
      212,
      63,
      239,
      191,
      166,
      81,
      168,
      105,
      158,
      48,
      110,
      116,
      32,
      239,
      167,
      188,
      98,
      248,
      30,
      27,
      138,
      100,
      7,
      240,
      144,
      55,
      194,
      80,
      130,
      250,
      45,
      4,
      231,
      161,
      20,
      66,
      198,
      66,
      230,
      224,
      70,
      219,
      251,
      138,
      92,
      199,
      151,
      78,
      143,
      124,
      75,
    ],
    "exponent2": Uint8Array [
      52,
      40,
      6,
      8,
      219,
      133,
      1,
      122,
      206,
      232,
      40,
      254,
      162,
      221,
      117,
      94,
      49,
      148,
      192,
      22,
      208,
      113,
      48,
      25,
      26,
      32,
      88,
      71,
      3,
      241,
      102,
      215,
      75,
      9,
      52,
      77,
      29,
      20,
      108,
      138,
      126,
      142,
      92,
      174,
      65,
      47,
      123,
      181,
      205,
      254,
      152,
      71,
      236,
      98,
      28,
      45,
      253,
      224,
      178,
      235,
      240,
      232,
      81,
      209,
      13,
      21,
      159,
      5,
      51,
      147,
      96,
      240,
      186,
      97,
      98,
      100,
      209,
      70,
      205,
      26,
      192,
      227,
      15,
      111,
      143,
      90,
      147,
      183,
      189,
      87,
      28,
      185,
      204,
      105,
      5,
      209,
      171,
      52,
      167,
      43,
      244,
      22,
      76,
      93,
      12,
      35,
      0,
      65,
      237,
      179,
      91,
      101,
      220,
      50,
      68,
      224,
      62,
      163,
      226,
      149,
      206,
      224,
      114,
      171,
      233,
      193,
      115,
      241,
    ],
    "modulus": Uint8Array [
      0,
      166,
      53,
      131,
      232,
      151,
      254,
      22,
      219,
      180,
      187,
      248,
      106,
      17,
      27,
      154,
      231,
      54,
      49,
      36,
      22,
      10,
      198,
      20,
      164,
      30,
      244,
      55,
      252,
      5,
      253,
      91,
      131,
      90,
      129,
      232,
      148,
      26,
      193,
      236,
      165,
      71,
      201,
      95,
      139,
      165,
      207,
      106,
      0,
      89,
      83,
      231,
      68,
      86,
      202,
      67,
      242,
      193,
      62,
      0,
      101,
      111,
      4,
      4,
      197,
      136,
      152,
      220,
      168,
      57,
      214,
      225,
      203,
      42,
      253,
      214,
      225,
      142,
      179,
      82,
      91,
      227,
      242,
      13,
      96,
      98,
      232,
      120,
      169,
      74,
      249,
      197,
      192,
      205,
      62,
      17,
      16,
      110,
      162,
      125,
      134,
      42,
      65,
      235,
      199,
      202,
      41,
      193,
      216,
      79,
      100,
      159,
      69,
      241,
      45,
      222,
      131,
      197,
      102,
      222,
      131,
      59,
      53,
      178,
      219,
      77,
      171,
      215,
      148,
      229,
      144,
      181,
      19,
      37,
      50,
      142,
      193,
      34,
      125,
      168,
      105,
      124,
      205,
      161,
      248,
      237,
      32,
      202,
      94,
      83,
      170,
      95,
      67,
      147,
      177,
      80,
      30,
      57,
      208,
      36,
      47,
      199,
      13,
      173,
      241,
      116,
      71,
      78,
      196,
      191,
      155,
      252,
      169,
      45,
      103,
      252,
      95,
      115,
      168,
      150,
      162,
      222,
      90,
      59,
      204,
      249,
      122,
      79,
      65,
      147,
      255,
      57,
      159,
      18,
      15,
      215,
      26,
      167,
      253,
      146,
      210,
      25,
      66,
      88,
      127,
      80,
      8,
      218,
      207,
      54,
      29,
      81,
      62,
      87,
      148,
      139,
      188,
      114,
      54,
      229,
      199,
      62,
      227,
      63,
      169,
      42,
      0,
      93,
      168,
      174,
      255,
      38,
      147,
      1,
      41,
      44,
      83,
      215,
      89,
      81,
      49,
      60,
      228,
      54,
      249,
      107,
      156,
      177,
      168,
      50,
      231,
      81,
      155,
      171,
      209,
      190,
      213,
    ],
    "prime1": Uint8Array [
      0,
      221,
      96,
      60,
      118,
      43,
      8,
      18,
      236,
      79,
      2,
      247,
      149,
      109,
      5,
      92,
      215,
      227,
      252,
      230,
      116,
      71,
      138,
      75,
      159,
      37,
      45,
      31,
      111,
      249,
      92,
      242,
      217,
      167,
      254,
      21,
      5,
      82,
      67,
      21,
      178,
      71,
      180,
      17,
      20,
      205,
      81,
      89,
      89,
      76,
      12,
      167,
      35,
      247,
      91,
      113,
      141,
      107,
      210,
      182,
      60,
      147,
      40,
      32,
      169,
      229,
      236,
      8,
      117,
      253,
      95,
      117,
      216,
      110,
      209,
      99,
      113,
      77,
      20,
      235,
      178,
      243,
      178,
      39,
      168,
      200,
      219,
      64,
      74,
      13,
      133,
      112,
      184,
      122,
      167,
      52,
      248,
      175,
      62,
      111,
      70,
      222,
      43,
      27,
      110,
      214,
      156,
      236,
      200,
      29,
      233,
      195,
      40,
      73,
      88,
      22,
      194,
      191,
      56,
      9,
      54,
      31,
      71,
      207,
      242,
      34,
      212,
      122,
      231,
    ],
    "prime2": Uint8Array [
      0,
      192,
      52,
      109,
      224,
      2,
      10,
      200,
      37,
      22,
      68,
      191,
      185,
      59,
      123,
      57,
      102,
      240,
      9,
      1,
      169,
      222,
      66,
      28,
      4,
      74,
      253,
      98,
      204,
      61,
      39,
      226,
      164,
      239,
      138,
      17,
      34,
      115,
      223,
      110,
      226,
      26,
      98,
      71,
      30,
      183,
      136,
      48,
      113,
      116,
      243,
      78,
      191,
      118,
      105,
      215,
      1,
      46,
      99,
      248,
      89,
      225,
      50,
      211,
      27,
      129,
      225,
      138,
      177,
      98,
      31,
      217,
      93,
      142,
      182,
      152,
      202,
      128,
      234,
      113,
      27,
      244,
      115,
      218,
      244,
      207,
      228,
      221,
      212,
      183,
      22,
      94,
      231,
      154,
      61,
      76,
      11,
      76,
      231,
      11,
      104,
      215,
      156,
      130,
      45,
      185,
      192,
      215,
      48,
      115,
      237,
      62,
      170,
      21,
      196,
      92,
      218,
      218,
      161,
      238,
      162,
      160,
      100,
      113,
      8,
      208,
      220,
      156,
      227,
    ],
    "privateExponent": Uint8Array [
      108,
      67,
      149,
      157,
      175,
      75,
      170,
      22,
      8,
      191,
      28,
      11,
      243,
      2,
      217,
      62,
      220,
      52,
      220,
      61,
      163,
      92,
      237,
      91,
      14,
      114,
      163,
      248,
      252,
      233,
      208,
      111,
      90,
      72,
      30,
      120,
      66,
      137,
      169,
      28,
      236,
      10,
      198,
      186,
      207,
      17,
      177,
      9,
      115,
      38,
      77,
      17,
      93,
      187,
      56,
      209,
      106,
      128,
      121,
      127,
      152,
      245,
      180,
      41,
      251,
      85,
      30,
      254,
      81,
      86,
      160,
      19,
      87,
      248,
      170,
      188,
      151,
      216,
      68,
      192,
      104,
      85,
      101,
      211,
      47,
      250,
      31,
      134,
      158,
      184,
      221,
      208,
      61,
      160,
      189,
      58,
      199,
      229,
      253,
      255,
      163,
      140,
      247,
      9,
      87,
      173,
      37,
      128,
      66,
      14,
      216,
      20,
      150,
      9,
      251,
      212,
      55,
      132,
      79,
      82,
      138,
      1,
      235,
      116,
      32,
      62,
      220,
      24,
      42,
      158,
      137,
      92,
      23,
      255,
      134,
      106,
      229,
      195,
      186,
      62,
      112,
      165,
      147,
      10,
      240,
      137,
      107,
      112,
      196,
      175,
      190,
      57,
      200,
      138,
      105,
      151,
      91,
      239,
      244,
      221,
      67,
      136,
      38,
      47,
      255,
      200,
      37,
      15,
      166,
      11,
      132,
      89,
      195,
      166,
      174,
      10,
      31,
      233,
      233,
      115,
      105,
      225,
      12,
      36,
      199,
      166,
      228,
      132,
      51,
      3,
      45,
      32,
      160,
      95,
      179,
      165,
      71,
      198,
      63,
      65,
      243,
      105,
      203,
      233,
      137,
      77,
      167,
      142,
      137,
      58,
      155,
      51,
      231,
      185,
      181,
      129,
      44,
      241,
      69,
      87,
      211,
      106,
      5,
      66,
      209,
      0,
      176,
      49,
      223,
      28,
      6,
      146,
      8,
      92,
      230,
      167,
      245,
      57,
      241,
      123,
      104,
      217,
      83,
      110,
      126,
      206,
      233,
      123,
      176,
      162,
      123,
      173,
      68,
      226,
      184,
      13,
    ],
    "publicExponent": Uint8Array [
      1,
      0,
      1,
    ],
  },
}
`;

exports[`decomposePrivateKey should decompose a EC key, secp256k1 1`] = `
Object {
  "encryptionAlgorithm": null,
  "format": "pkcs8-pem",
  "keyAlgorithm": Object {
    "id": "ec-public-key",
    "namedCurve": "secp256k1",
  },
  "keyData": Object {
    "d": Uint8Array [
      30,
      242,
      98,
      221,
      77,
      93,
      227,
      73,
      145,
      199,
      17,
      221,
      163,
      27,
      234,
      28,
      39,
      29,
      96,
      2,
      167,
      185,
      192,
      13,
      216,
      47,
      32,
      71,
      69,
      179,
      202,
      190,
    ],
    "x": Uint8Array [
      53,
      216,
      138,
      14,
      202,
      18,
      162,
      143,
      41,
      125,
      0,
      249,
      89,
      22,
      71,
      64,
      226,
      189,
      55,
      195,
      8,
      116,
      70,
      13,
      109,
      38,
      49,
      198,
      141,
      15,
      220,
      168,
    ],
    "y": Uint8Array [
      196,
      96,
      42,
      32,
      146,
      1,
      251,
      95,
      103,
      226,
      141,
      194,
      126,
      162,
      87,
      186,
      143,
      224,
      163,
      161,
      70,
      64,
      66,
      226,
      121,
      135,
      171,
      207,
      237,
      1,
      171,
      3,
    ],
  },
}
`;

exports[`decomposePrivateKey should decompose a ED25591 key 1`] = `
Object {
  "encryptionAlgorithm": null,
  "format": "pkcs8-pem",
  "keyAlgorithm": Object {
    "id": "ed25519",
  },
  "keyData": Object {
    "seed": Uint8Array [
      51,
      157,
      215,
      96,
      74,
      80,
      70,
      11,
      24,
      71,
      92,
      110,
      142,
      14,
      22,
      46,
      23,
      22,
      209,
      181,
      153,
      173,
      20,
      102,
      60,
      54,
      184,
      218,
      44,
      201,
      247,
      221,
    ],
  },
}
`;

exports[`decomposePrivateKey should decompose a RSA key 1`] = `
Object {
  "encryptionAlgorithm": null,
  "format": "pkcs8-pem",
  "keyAlgorithm": Object {
    "id": "rsa-encryption",
  },
  "keyData": Object {
    "coefficient": Uint8Array [
      20,
      32,
      230,
      80,
      173,
      199,
      6,
      196,
      21,
      252,
      104,
      228,
      186,
      88,
      28,
      190,
      178,
      226,
      230,
      22,
      74,
      65,
      212,
      107,
      155,
      8,
      208,
      227,
      222,
      26,
      229,
      184,
      178,
      99,
      193,
      62,
      7,
      240,
      202,
      57,
      135,
      5,
      207,
      217,
      150,
      86,
      169,
      47,
      144,
      120,
      114,
      81,
      46,
      38,
      112,
      98,
      236,
      76,
      32,
      155,
      119,
      85,
      157,
      198,
      178,
      91,
      142,
      151,
      217,
      77,
      254,
      156,
      237,
      141,
      246,
      139,
      134,
      135,
      190,
      193,
      73,
      236,
      242,
      201,
      59,
      140,
      242,
      188,
      19,
      150,
      244,
      72,
      1,
      185,
      61,
      28,
      173,
      8,
      208,
      163,
      204,
      120,
      136,
      63,
      121,
      168,
      49,
      130,
      238,
      49,
      80,
      36,
      76,
      1,
      175,
      130,
      172,
      188,
      190,
      196,
      95,
      194,
      22,
      32,
      191,
      114,
      63,
      4,
    ],
    "exponent1": Uint8Array [
      41,
      135,
      239,
      111,
      223,
      220,
      208,
      232,
      2,
      94,
      181,
      34,
      20,
      100,
      232,
      41,
      28,
      125,
      138,
      162,
      143,
      245,
      83,
      0,
      149,
      81,
      228,
      206,
      246,
      2,
      73,
      17,
      42,
      98,
      17,
      129,
      129,
      16,
      82,
      214,
      178,
      123,
      6,
      165,
      87,
      107,
      134,
      142,
      169,
      36,
      202,
      138,
      133,
      210,
      98,
      248,
      60,
      29,
      56,
      209,
      30,
      110,
      109,
      202,
      81,
      247,
      57,
      19,
      33,
      168,
      178,
      12,
      27,
      166,
      46,
      184,
      199,
      212,
      63,
      239,
      191,
      166,
      81,
      168,
      105,
      158,
      48,
      110,
      116,
      32,
      239,
      167,
      188,
      98,
      248,
      30,
      27,
      138,
      100,
      7,
      240,
      144,
      55,
      194,
      80,
      130,
      250,
      45,
      4,
      231,
      161,
      20,
      66,
      198,
      66,
      230,
      224,
      70,
      219,
      251,
      138,
      92,
      199,
      151,
      78,
      143,
      124,
      75,
    ],
    "exponent2": Uint8Array [
      52,
      40,
      6,
      8,
      219,
      133,
      1,
      122,
      206,
      232,
      40,
      254,
      162,
      221,
      117,
      94,
      49,
      148,
      192,
      22,
      208,
      113,
      48,
      25,
      26,
      32,
      88,
      71,
      3,
      241,
      102,
      215,
      75,
      9,
      52,
      77,
      29,
      20,
      108,
      138,
      126,
      142,
      92,
      174,
      65,
      47,
      123,
      181,
      205,
      254,
      152,
      71,
      236,
      98,
      28,
      45,
      253,
      224,
      178,
      235,
      240,
      232,
      81,
      209,
      13,
      21,
      159,
      5,
      51,
      147,
      96,
      240,
      186,
      97,
      98,
      100,
      209,
      70,
      205,
      26,
      192,
      227,
      15,
      111,
      143,
      90,
      147,
      183,
      189,
      87,
      28,
      185,
      204,
      105,
      5,
      209,
      171,
      52,
      167,
      43,
      244,
      22,
      76,
      93,
      12,
      35,
      0,
      65,
      237,
      179,
      91,
      101,
      220,
      50,
      68,
      224,
      62,
      163,
      226,
      149,
      206,
      224,
      114,
      171,
      233,
      193,
      115,
      241,
    ],
    "modulus": Uint8Array [
      0,
      166,
      53,
      131,
      232,
      151,
      254,
      22,
      219,
      180,
      187,
      248,
      106,
      17,
      27,
      154,
      231,
      54,
      49,
      36,
      22,
      10,
      198,
      20,
      164,
      30,
      244,
      55,
      252,
      5,
      253,
      91,
      131,
      90,
      129,
      232,
      148,
      26,
      193,
      236,
      165,
      71,
      201,
      95,
      139,
      165,
      207,
      106,
      0,
      89,
      83,
      231,
      68,
      86,
      202,
      67,
      242,
      193,
      62,
      0,
      101,
      111,
      4,
      4,
      197,
      136,
      152,
      220,
      168,
      57,
      214,
      225,
      203,
      42,
      253,
      214,
      225,
      142,
      179,
      82,
      91,
      227,
      242,
      13,
      96,
      98,
      232,
      120,
      169,
      74,
      249,
      197,
      192,
      205,
      62,
      17,
      16,
      110,
      162,
      125,
      134,
      42,
      65,
      235,
      199,
      202,
      41,
      193,
      216,
      79,
      100,
      159,
      69,
      241,
      45,
      222,
      131,
      197,
      102,
      222,
      131,
      59,
      53,
      178,
      219,
      77,
      171,
      215,
      148,
      229,
      144,
      181,
      19,
      37,
      50,
      142,
      193,
      34,
      125,
      168,
      105,
      124,
      205,
      161,
      248,
      237,
      32,
      202,
      94,
      83,
      170,
      95,
      67,
      147,
      177,
      80,
      30,
      57,
      208,
      36,
      47,
      199,
      13,
      173,
      241,
      116,
      71,
      78,
      196,
      191,
      155,
      252,
      169,
      45,
      103,
      252,
      95,
      115,
      168,
      150,
      162,
      222,
      90,
      59,
      204,
      249,
      122,
      79,
      65,
      147,
      255,
      57,
      159,
      18,
      15,
      215,
      26,
      167,
      253,
      146,
      210,
      25,
      66,
      88,
      127,
      80,
      8,
      218,
      207,
      54,
      29,
      81,
      62,
      87,
      148,
      139,
      188,
      114,
      54,
      229,
      199,
      62,
      227,
      63,
      169,
      42,
      0,
      93,
      168,
      174,
      255,
      38,
      147,
      1,
      41,
      44,
      83,
      215,
      89,
      81,
      49,
      60,
      228,
      54,
      249,
      107,
      156,
      177,
      168,
      50,
      231,
      81,
      155,
      171,
      209,
      190,
      213,
    ],
    "prime1": Uint8Array [
      0,
      221,
      96,
      60,
      118,
      43,
      8,
      18,
      236,
      79,
      2,
      247,
      149,
      109,
      5,
      92,
      215,
      227,
      252,
      230,
      116,
      71,
      138,
      75,
      159,
      37,
      45,
      31,
      111,
      249,
      92,
      242,
      217,
      167,
      254,
      21,
      5,
      82,
      67,
      21,
      178,
      71,
      180,
      17,
      20,
      205,
      81,
      89,
      89,
      76,
      12,
      167,
      35,
      247,
      91,
      113,
      141,
      107,
      210,
      182,
      60,
      147,
      40,
      32,
      169,
      229,
      236,
      8,
      117,
      253,
      95,
      117,
      216,
      110,
      209,
      99,
      113,
      77,
      20,
      235,
      178,
      243,
      178,
      39,
      168,
      200,
      219,
      64,
      74,
      13,
      133,
      112,
      184,
      122,
      167,
      52,
      248,
      175,
      62,
      111,
      70,
      222,
      43,
      27,
      110,
      214,
      156,
      236,
      200,
      29,
      233,
      195,
      40,
      73,
      88,
      22,
      194,
      191,
      56,
      9,
      54,
      31,
      71,
      207,
      242,
      34,
      212,
      122,
      231,
    ],
    "prime2": Uint8Array [
      0,
      192,
      52,
      109,
      224,
      2,
      10,
      200,
      37,
      22,
      68,
      191,
      185,
      59,
      123,
      57,
      102,
      240,
      9,
      1,
      169,
      222,
      66,
      28,
      4,
      74,
      253,
      98,
      204,
      61,
      39,
      226,
      164,
      239,
      138,
      17,
      34,
      115,
      223,
      110,
      226,
      26,
      98,
      71,
      30,
      183,
      136,
      48,
      113,
      116,
      243,
      78,
      191,
      118,
      105,
      215,
      1,
      46,
      99,
      248,
      89,
      225,
      50,
      211,
      27,
      129,
      225,
      138,
      177,
      98,
      31,
      217,
      93,
      142,
      182,
      152,
      202,
      128,
      234,
      113,
      27,
      244,
      115,
      218,
      244,
      207,
      228,
      221,
      212,
      183,
      22,
      94,
      231,
      154,
      61,
      76,
      11,
      76,
      231,
      11,
      104,
      215,
      156,
      130,
      45,
      185,
      192,
      215,
      48,
      115,
      237,
      62,
      170,
      21,
      196,
      92,
      218,
      218,
      161,
      238,
      162,
      160,
      100,
      113,
      8,
      208,
      220,
      156,
      227,
    ],
    "privateExponent": Uint8Array [
      108,
      67,
      149,
      157,
      175,
      75,
      170,
      22,
      8,
      191,
      28,
      11,
      243,
      2,
      217,
      62,
      220,
      52,
      220,
      61,
      163,
      92,
      237,
      91,
      14,
      114,
      163,
      248,
      252,
      233,
      208,
      111,
      90,
      72,
      30,
      120,
      66,
      137,
      169,
      28,
      236,
      10,
      198,
      186,
      207,
      17,
      177,
      9,
      115,
      38,
      77,
      17,
      93,
      187,
      56,
      209,
      106,
      128,
      121,
      127,
      152,
      245,
      180,
      41,
      251,
      85,
      30,
      254,
      81,
      86,
      160,
      19,
      87,
      248,
      170,
      188,
      151,
      216,
      68,
      192,
      104,
      85,
      101,
      211,
      47,
      250,
      31,
      134,
      158,
      184,
      221,
      208,
      61,
      160,
      189,
      58,
      199,
      229,
      253,
      255,
      163,
      140,
      247,
      9,
      87,
      173,
      37,
      128,
      66,
      14,
      216,
      20,
      150,
      9,
      251,
      212,
      55,
      132,
      79,
      82,
      138,
      1,
      235,
      116,
      32,
      62,
      220,
      24,
      42,
      158,
      137,
      92,
      23,
      255,
      134,
      106,
      229,
      195,
      186,
      62,
      112,
      165,
      147,
      10,
      240,
      137,
      107,
      112,
      196,
      175,
      190,
      57,
      200,
      138,
      105,
      151,
      91,
      239,
      244,
      221,
      67,
      136,
      38,
      47,
      255,
      200,
      37,
      15,
      166,
      11,
      132,
      89,
      195,
      166,
      174,
      10,
      31,
      233,
      233,
      115,
      105,
      225,
      12,
      36,
      199,
      166,
      228,
      132,
      51,
      3,
      45,
      32,
      160,
      95,
      179,
      165,
      71,
      198,
      63,
      65,
      243,
      105,
      203,
      233,
      137,
      77,
      167,
      142,
      137,
      58,
      155,
      51,
      231,
      185,
      181,
      129,
      44,
      241,
      69,
      87,
      211,
      106,
      5,
      66,
      209,
      0,
      176,
      49,
      223,
      28,
      6,
      146,
      8,
      92,
      230,
      167,
      245,
      57,
      241,
      123,
      104,
      217,
      83,
      110,
      126,
      206,
      233,
      123,
      176,
      162,
      123,
      173,
      68,
      226,
      184,
      13,
    ],
    "publicExponent": Uint8Array [
      1,
      0,
      1,
    ],
  },
}
`;

exports[`decomposePrivateKey should decompose an encrypted RSA key 1`] = `
Object {
  "encryptionAlgorithm": Object {
    "encryptionScheme": Object {
      "id": "aes256-cbc",
      "iv": Uint8Array [
        139,
        242,
        87,
        132,
        120,
        90,
        63,
        66,
        122,
        97,
        29,
        36,
        176,
        63,
        106,
        240,
      ],
    },
    "keyDerivationFunc": Object {
      "id": "pbkdf2",
      "iterationCount": 2048,
      "prf": "hmac-with-sha256",
      "salt": Uint8Array [
        244,
        22,
        11,
        195,
        177,
        12,
        73,
        67,
      ],
    },
  },
  "format": "pkcs8-pem",
  "keyAlgorithm": Object {
    "id": "rsa-encryption",
  },
  "keyData": Object {
    "coefficient": Uint8Array [
      0,
      221,
      130,
      108,
      4,
      210,
      27,
      200,
      191,
      107,
      16,
      189,
      127,
      5,
      12,
      226,
      80,
      161,
      172,
      36,
      232,
      79,
      142,
      114,
      36,
      50,
      215,
      157,
      194,
      48,
      175,
      25,
      202,
      78,
      249,
      170,
      19,
      75,
      50,
      156,
      139,
      213,
      189,
      183,
      221,
      205,
      171,
      196,
      65,
      190,
      220,
      194,
      5,
      119,
      121,
      180,
      130,
      201,
      215,
      248,
      195,
      180,
      179,
      149,
      114,
      170,
      169,
      131,
      241,
      132,
      76,
      245,
      87,
      107,
      209,
      86,
      72,
      98,
      201,
      226,
      203,
      8,
      146,
      216,
      120,
      0,
      85,
      66,
      102,
      62,
      185,
      206,
      41,
      177,
      34,
      133,
      22,
      131,
      95,
      201,
      118,
      134,
      82,
      81,
      189,
      107,
      110,
      97,
      237,
      80,
      142,
      21,
      183,
      45,
      65,
      34,
      156,
      83,
      161,
      26,
      17,
      140,
      162,
      176,
      0,
      119,
      37,
      185,
      130,
    ],
    "exponent1": Uint8Array [
      120,
      101,
      184,
      138,
      252,
      218,
      226,
      203,
      82,
      148,
      27,
      222,
      191,
      237,
      13,
      141,
      36,
      92,
      244,
      236,
      39,
      111,
      248,
      174,
      32,
      178,
      123,
      202,
      226,
      8,
      69,
      187,
      11,
      78,
      96,
      41,
      23,
      196,
      248,
      56,
      61,
      134,
      175,
      1,
      41,
      245,
      49,
      76,
      45,
      180,
      201,
      73,
      37,
      211,
      249,
      253,
      2,
      144,
      65,
      48,
      15,
      208,
      183,
      89,
      254,
      177,
      175,
      140,
      138,
      130,
      213,
      189,
      231,
      102,
      100,
      164,
      6,
      37,
      51,
      220,
      104,
      128,
      21,
      103,
      51,
      80,
      234,
      106,
      90,
      254,
      78,
      228,
      97,
      109,
      91,
      89,
      59,
      178,
      78,
      8,
      58,
      43,
      212,
      152,
      165,
      91,
      74,
      137,
      126,
      111,
      201,
      135,
      89,
      114,
      105,
      166,
      178,
      30,
      216,
      146,
      30,
      80,
      203,
      108,
      35,
      53,
      246,
      85,
    ],
    "exponent2": Uint8Array [
      42,
      146,
      56,
      6,
      203,
      32,
      46,
      122,
      245,
      67,
      111,
      145,
      69,
      69,
      171,
      227,
      11,
      1,
      162,
      170,
      122,
      234,
      25,
      131,
      240,
      53,
      91,
      149,
      175,
      121,
      93,
      147,
      29,
      35,
      105,
      0,
      144,
      36,
      16,
      121,
      229,
      97,
      178,
      107,
      34,
      198,
      183,
      196,
      130,
      58,
      231,
      180,
      161,
      206,
      64,
      189,
      250,
      148,
      248,
      139,
      140,
      199,
      206,
      33,
      106,
      192,
      31,
      217,
      198,
      109,
      17,
      128,
      164,
      189,
      246,
      254,
      237,
      231,
      221,
      197,
      147,
      106,
      9,
      38,
      88,
      67,
      7,
      148,
      53,
      111,
      214,
      31,
      97,
      28,
      69,
      143,
      186,
      198,
      124,
      24,
      77,
      72,
      185,
      4,
      3,
      100,
      3,
      143,
      38,
      102,
      247,
      13,
      67,
      119,
      172,
      206,
      87,
      10,
      48,
      100,
      169,
      49,
      200,
      228,
      120,
      17,
      74,
      9,
    ],
    "modulus": Uint8Array [
      0,
      195,
      55,
      208,
      105,
      225,
      126,
      246,
      98,
      106,
      55,
      141,
      109,
      248,
      105,
      39,
      191,
      161,
      174,
      64,
      98,
      102,
      136,
      223,
      211,
      243,
      178,
      202,
      231,
      252,
      54,
      98,
      157,
      40,
      161,
      198,
      86,
      251,
      223,
      60,
      191,
      189,
      12,
      255,
      253,
      146,
      107,
      47,
      149,
      18,
      70,
      43,
      121,
      50,
      219,
      72,
      27,
      234,
      125,
      176,
      150,
      49,
      32,
      172,
      252,
      143,
      52,
      6,
      119,
      53,
      210,
      209,
      160,
      239,
      254,
      87,
      226,
      157,
      21,
      3,
      209,
      245,
      229,
      134,
      123,
      211,
      24,
      86,
      225,
      152,
      178,
      88,
      222,
      123,
      13,
      101,
      4,
      253,
      141,
      253,
      146,
      80,
      123,
      52,
      185,
      140,
      140,
      192,
      10,
      198,
      176,
      230,
      189,
      247,
      46,
      18,
      161,
      136,
      198,
      192,
      158,
      29,
      209,
      230,
      43,
      110,
      106,
      106,
      8,
      48,
      173,
      237,
      239,
      214,
      93,
      78,
      51,
      83,
      203,
      145,
      19,
      142,
      32,
      27,
      229,
      54,
      226,
      226,
      180,
      28,
      94,
      121,
      110,
      170,
      69,
      155,
      231,
      154,
      226,
      178,
      108,
      33,
      141,
      156,
      209,
      111,
      28,
      13,
      117,
      40,
      204,
      190,
      158,
      183,
      95,
      139,
      191,
      56,
      51,
      233,
      83,
      45,
      240,
      69,
      110,
      129,
      177,
      203,
      66,
      139,
      68,
      221,
      171,
      134,
      210,
      231,
      7,
      106,
      10,
      134,
      222,
      137,
      69,
      164,
      39,
      81,
      36,
      55,
      175,
      37,
      227,
      187,
      193,
      171,
      56,
      148,
      83,
      40,
      107,
      77,
      4,
      207,
      4,
      107,
      11,
      82,
      149,
      11,
      144,
      139,
      2,
      40,
      138,
      165,
      252,
      209,
      176,
      94,
      36,
      61,
      126,
      148,
      218,
      159,
      74,
      204,
      127,
      230,
      194,
      224,
      254,
      94,
      31,
      115,
      134,
      248,
      13,
    ],
    "prime1": Uint8Array [
      0,
      224,
      26,
      165,
      181,
      79,
      43,
      235,
      183,
      62,
      61,
      228,
      148,
      157,
      116,
      220,
      97,
      165,
      170,
      222,
      19,
      46,
      228,
      7,
      162,
      152,
      9,
      206,
      0,
      59,
      60,
      165,
      3,
      192,
      133,
      102,
      234,
      79,
      124,
      79,
      89,
      56,
      14,
      206,
      174,
      59,
      70,
      83,
      96,
      179,
      219,
      245,
      79,
      180,
      62,
      231,
      253,
      210,
      159,
      219,
      2,
      20,
      89,
      123,
      217,
      145,
      7,
      153,
      142,
      28,
      11,
      229,
      160,
      108,
      235,
      117,
      200,
      168,
      236,
      252,
      154,
      7,
      88,
      223,
      1,
      193,
      236,
      19,
      108,
      38,
      93,
      173,
      82,
      25,
      2,
      135,
      84,
      102,
      139,
      130,
      238,
      46,
      58,
      133,
      130,
      218,
      125,
      55,
      214,
      181,
      99,
      109,
      202,
      133,
      200,
      65,
      69,
      120,
      179,
      74,
      67,
      175,
      6,
      17,
      187,
      176,
      1,
      178,
      181,
    ],
    "prime2": Uint8Array [
      0,
      223,
      0,
      175,
      254,
      109,
      115,
      96,
      138,
      228,
      9,
      89,
      0,
      240,
      30,
      204,
      110,
      16,
      24,
      213,
      139,
      49,
      193,
      69,
      182,
      252,
      103,
      157,
      132,
      110,
      100,
      188,
      66,
      153,
      17,
      1,
      189,
      28,
      216,
      2,
      105,
      232,
      138,
      207,
      96,
      254,
      107,
      227,
      2,
      142,
      197,
      148,
      102,
      192,
      8,
      144,
      119,
      103,
      1,
      48,
      124,
      48,
      196,
      168,
      140,
      203,
      234,
      51,
      39,
      38,
      66,
      190,
      221,
      19,
      141,
      188,
      32,
      26,
      84,
      149,
      81,
      249,
      124,
      50,
      4,
      83,
      110,
      99,
      162,
      98,
      254,
      253,
      4,
      87,
      187,
      224,
      20,
      78,
      32,
      214,
      190,
      135,
      133,
      49,
      120,
      193,
      41,
      105,
      255,
      25,
      80,
      87,
      211,
      218,
      136,
      103,
      190,
      27,
      246,
      63,
      156,
      255,
      22,
      156,
      190,
      122,
      217,
      78,
      249,
    ],
    "privateExponent": Uint8Array [
      118,
      229,
      136,
      134,
      228,
      50,
      250,
      134,
      200,
      32,
      91,
      128,
      13,
      218,
      165,
      189,
      222,
      16,
      13,
      224,
      160,
      136,
      94,
      162,
      109,
      123,
      136,
      127,
      48,
      42,
      67,
      119,
      106,
      102,
      213,
      48,
      231,
      40,
      120,
      140,
      98,
      237,
      7,
      0,
      126,
      107,
      207,
      200,
      32,
      32,
      34,
      156,
      39,
      112,
      76,
      131,
      204,
      22,
      143,
      53,
      122,
      104,
      103,
      83,
      79,
      56,
      165,
      115,
      119,
      145,
      149,
      225,
      74,
      42,
      3,
      134,
      222,
      155,
      12,
      255,
      148,
      159,
      29,
      128,
      78,
      250,
      52,
      248,
      35,
      147,
      3,
      243,
      68,
      200,
      204,
      172,
      244,
      108,
      197,
      114,
      150,
      151,
      227,
      109,
      218,
      255,
      98,
      123,
      109,
      182,
      18,
      98,
      194,
      168,
      9,
      234,
      222,
      46,
      6,
      228,
      134,
      78,
      239,
      187,
      165,
      253,
      35,
      228,
      22,
      201,
      236,
      244,
      53,
      205,
      118,
      203,
      90,
      152,
      56,
      109,
      182,
      145,
      212,
      9,
      213,
      225,
      147,
      64,
      206,
      91,
      162,
      80,
      153,
      65,
      233,
      210,
      105,
      19,
      154,
      3,
      195,
      189,
      120,
      196,
      217,
      122,
      162,
      131,
      116,
      225,
      6,
      196,
      190,
      11,
      146,
      192,
      118,
      89,
      150,
      232,
      18,
      95,
      143,
      175,
      135,
      199,
      195,
      180,
      27,
      241,
      187,
      199,
      55,
      17,
      133,
      129,
      97,
      247,
      217,
      145,
      181,
      213,
      39,
      3,
      152,
      80,
      225,
      26,
      112,
      120,
      117,
      93,
      216,
      146,
      54,
      11,
      52,
      64,
      170,
      174,
      62,
      118,
      176,
      2,
      27,
      224,
      188,
      111,
      129,
      212,
      124,
      235,
      92,
      165,
      79,
      113,
      243,
      8,
      209,
      201,
      248,
      213,
      201,
      236,
      104,
      66,
      163,
      193,
      148,
      177,
      197,
      211,
      137,
      230,
      74,
      33,
    ],
    "publicExponent": Uint8Array [
      1,
      0,
      1,
    ],
  },
}
`;
