// Jest Snapshot v1, https://goo.gl/fbAQLP

exports[`decomposePrivateKey should also support Uint8Array, ArrayBuffer and string besides Node's Buffer 1`] = `
Object {
  "encryptionAlgorithm": null,
  "format": "pkcs1-der",
  "keyAlgorithm": Object {
    "id": "rsa-encryption",
  },
  "keyData": Object {
    "coefficient": Uint8Array [
      74,
      193,
      71,
      0,
      16,
      255,
      216,
      140,
      228,
      72,
      114,
      205,
      8,
      12,
      15,
      30,
      71,
      239,
      232,
      189,
      116,
      141,
      48,
      186,
      203,
      118,
      85,
      154,
      190,
      134,
      24,
      109,
      148,
      52,
      158,
      127,
      126,
      183,
      71,
      168,
      59,
      33,
      106,
      115,
      64,
      205,
      168,
      186,
      75,
      227,
      67,
      255,
      152,
      28,
      208,
      173,
      66,
      232,
      63,
      170,
      122,
      131,
      33,
      147,
      18,
      43,
      80,
      126,
      137,
      8,
      198,
      76,
      98,
      232,
      239,
      53,
      174,
      128,
      37,
      130,
      208,
      104,
      23,
      173,
      255,
      234,
      34,
      110,
      105,
      215,
      104,
      52,
      100,
      16,
      208,
      140,
      176,
      121,
      48,
      244,
      147,
      75,
      220,
      219,
      181,
      235,
      122,
      109,
      240,
      91,
      148,
      102,
      104,
      145,
      69,
      150,
      40,
      163,
      195,
      104,
      38,
      218,
      46,
      19,
      25,
      162,
      233,
      139,
    ],
    "exponent1": Uint8Array [
      16,
      189,
      34,
      147,
      181,
      170,
      177,
      37,
      121,
      228,
      103,
      180,
      99,
      23,
      26,
      132,
      59,
      132,
      254,
      73,
      143,
      186,
      14,
      88,
      6,
      138,
      113,
      127,
      44,
      177,
      216,
      162,
      101,
      79,
      149,
      150,
      57,
      230,
      89,
      160,
      118,
      15,
      72,
      174,
      151,
      155,
      93,
      155,
      143,
      62,
      144,
      142,
      86,
      151,
      63,
      134,
      47,
      159,
      216,
      195,
      46,
      36,
      181,
      92,
      163,
      11,
      243,
      171,
      193,
      223,
      127,
      35,
      114,
      93,
      6,
      237,
      189,
      140,
      225,
      112,
      173,
      74,
      109,
      172,
      203,
      181,
      126,
      111,
      56,
      108,
      223,
      69,
      119,
      21,
      37,
      157,
      169,
      157,
      16,
      59,
      25,
      82,
      217,
      125,
      214,
      173,
      180,
      240,
      144,
      61,
      243,
      201,
      40,
      99,
      151,
      202,
      250,
      91,
      38,
      210,
      120,
      117,
      49,
      26,
      56,
      157,
      167,
      241,
    ],
    "exponent2": Uint8Array [
      0,
      171,
      47,
      85,
      245,
      196,
      112,
      172,
      128,
      64,
      49,
      38,
      70,
      46,
      135,
      68,
      103,
      142,
      176,
      215,
      105,
      134,
      130,
      131,
      104,
      99,
      120,
      158,
      57,
      104,
      143,
      144,
      21,
      1,
      33,
      129,
      115,
      154,
      91,
      133,
      48,
      51,
      48,
      142,
      15,
      235,
      245,
      114,
      57,
      114,
      136,
      0,
      111,
      142,
      83,
      84,
      206,
      236,
      178,
      150,
      178,
      35,
      8,
      138,
      61,
      192,
      220,
      7,
      155,
      50,
      123,
      209,
      137,
      249,
      213,
      94,
      88,
      169,
      224,
      92,
      30,
      171,
      1,
      215,
      89,
      214,
      27,
      159,
      158,
      104,
      135,
      38,
      21,
      30,
      188,
      151,
      171,
      95,
      68,
      72,
      67,
      246,
      1,
      202,
      97,
      215,
      202,
      99,
      27,
      65,
      145,
      107,
      20,
      55,
      195,
      223,
      29,
      241,
      217,
      10,
      74,
      178,
      192,
      106,
      165,
      171,
      195,
      122,
      123,
    ],
    "modulus": Uint8Array [
      0,
      243,
      53,
      170,
      105,
      60,
      126,
      71,
      56,
      222,
      4,
      85,
      223,
      179,
      20,
      223,
      197,
      143,
      92,
      194,
      27,
      176,
      147,
      213,
      30,
      200,
      59,
      100,
      177,
      219,
      79,
      33,
      62,
      80,
      139,
      134,
      53,
      76,
      7,
      155,
      72,
      196,
      3,
      46,
      52,
      155,
      59,
      108,
      234,
      156,
      197,
      18,
      251,
      148,
      132,
      67,
      101,
      65,
      154,
      84,
      97,
      200,
      47,
      120,
      54,
      72,
      137,
      85,
      242,
      250,
      190,
      133,
      243,
      132,
      110,
      139,
      68,
      159,
      20,
      193,
      85,
      206,
      30,
      31,
      170,
      170,
      225,
      244,
      232,
      73,
      163,
      68,
      223,
      134,
      109,
      39,
      133,
      193,
      140,
      38,
      146,
      183,
      126,
      242,
      108,
      133,
      249,
      130,
      150,
      206,
      206,
      56,
      189,
      255,
      150,
      183,
      171,
      161,
      32,
      138,
      224,
      80,
      31,
      5,
      122,
      206,
      226,
      149,
      38,
      109,
      189,
      34,
      45,
      44,
      227,
      56,
      241,
      163,
      1,
      172,
      87,
      219,
      247,
      11,
      147,
      225,
      65,
      154,
      235,
      94,
      50,
      53,
      142,
      233,
      104,
      205,
      2,
      169,
      99,
      237,
      79,
      146,
      0,
      123,
      57,
      10,
      16,
      131,
      141,
      27,
      163,
      32,
      98,
      17,
      96,
      24,
      191,
      236,
      224,
      19,
      90,
      102,
      88,
      36,
      107,
      189,
      149,
      25,
      216,
      130,
      217,
      16,
      210,
      160,
      20,
      122,
      153,
      200,
      40,
      56,
      47,
      254,
      58,
      136,
      26,
      165,
      210,
      37,
      210,
      124,
      219,
      216,
      183,
      88,
      91,
      49,
      171,
      115,
      176,
      64,
      141,
      8,
      201,
      151,
      68,
      30,
      101,
      128,
      107,
      108,
      222,
      52,
      227,
      112,
      38,
      61,
      9,
      21,
      135,
      201,
      108,
      51,
      150,
      247,
      25,
      27,
      12,
      193,
      189,
      194,
      146,
      102,
      173,
      223,
      149,
      76,
      49,
    ],
    "prime1": Uint8Array [
      0,
      249,
      198,
      95,
      44,
      199,
      123,
      247,
      157,
      201,
      141,
      97,
      248,
      60,
      91,
      65,
      122,
      14,
      134,
      221,
      224,
      44,
      249,
      211,
      91,
      54,
      179,
      135,
      82,
      110,
      27,
      91,
      45,
      28,
      143,
      82,
      223,
      203,
      147,
      23,
      62,
      238,
      187,
      97,
      85,
      89,
      164,
      232,
      159,
      74,
      187,
      113,
      33,
      134,
      39,
      134,
      156,
      160,
      194,
      120,
      123,
      129,
      160,
      37,
      97,
      242,
      130,
      244,
      202,
      178,
      200,
      145,
      168,
      108,
      53,
      179,
      56,
      175,
      4,
      35,
      75,
      238,
      237,
      133,
      81,
      55,
      159,
      153,
      176,
      50,
      34,
      5,
      187,
      91,
      140,
      42,
      33,
      135,
      98,
      246,
      174,
      244,
      57,
      13,
      144,
      24,
      235,
      177,
      143,
      116,
      244,
      147,
      196,
      23,
      32,
      47,
      122,
      195,
      69,
      140,
      55,
      234,
      16,
      105,
      89,
      161,
      85,
      93,
      167,
    ],
    "prime2": Uint8Array [
      0,
      249,
      69,
      103,
      229,
      205,
      166,
      252,
      243,
      103,
      174,
      231,
      48,
      216,
      242,
      223,
      40,
      14,
      51,
      20,
      48,
      86,
      18,
      51,
      126,
      49,
      128,
      179,
      99,
      111,
      188,
      40,
      58,
      146,
      18,
      34,
      252,
      206,
      213,
      102,
      99,
      95,
      31,
      241,
      252,
      202,
      198,
      20,
      129,
      48,
      180,
      7,
      228,
      118,
      136,
      27,
      232,
      36,
      70,
      123,
      119,
      203,
      35,
      184,
      227,
      230,
      222,
      129,
      136,
      193,
      215,
      113,
      213,
      54,
      21,
      96,
      101,
      16,
      211,
      67,
      138,
      29,
      233,
      17,
      104,
      189,
      212,
      16,
      118,
      21,
      115,
      223,
      177,
      148,
      21,
      230,
      176,
      44,
      151,
      140,
      107,
      207,
      221,
      223,
      202,
      221,
      24,
      18,
      48,
      46,
      101,
      43,
      167,
      66,
      180,
      39,
      205,
      185,
      57,
      93,
      67,
      196,
      98,
      122,
      138,
      248,
      190,
      50,
      103,
    ],
    "privateExponent": Uint8Array [
      0,
      201,
      211,
      1,
      252,
      92,
      143,
      234,
      40,
      157,
      204,
      249,
      58,
      46,
      209,
      38,
      181,
      58,
      55,
      222,
      120,
      189,
      250,
      159,
      195,
      240,
      163,
      160,
      247,
      27,
      40,
      58,
      77,
      12,
      232,
      11,
      210,
      84,
      170,
      135,
      73,
      70,
      39,
      225,
      131,
      20,
      66,
      167,
      42,
      182,
      55,
      176,
      126,
      7,
      140,
      14,
      165,
      139,
      96,
      55,
      160,
      1,
      80,
      171,
      48,
      88,
      215,
      102,
      244,
      192,
      241,
      180,
      21,
      22,
      19,
      234,
      12,
      98,
      251,
      5,
      73,
      96,
      71,
      141,
      61,
      194,
      154,
      201,
      242,
      173,
      145,
      8,
      137,
      121,
      115,
      65,
      117,
      244,
      220,
      137,
      241,
      252,
      198,
      35,
      4,
      189,
      213,
      5,
      114,
      130,
      97,
      141,
      162,
      213,
      227,
      203,
      189,
      104,
      115,
      169,
      235,
      101,
      113,
      168,
      201,
      117,
      191,
      127,
      198,
      138,
      238,
      124,
      204,
      191,
      155,
      116,
      226,
      151,
      231,
      22,
      92,
      109,
      205,
      37,
      82,
      198,
      37,
      81,
      145,
      116,
      132,
      230,
      4,
      7,
      25,
      138,
      66,
      162,
      51,
      126,
      123,
      73,
      42,
      196,
      55,
      38,
      13,
      72,
      3,
      199,
      10,
      131,
      248,
      48,
      74,
      98,
      198,
      216,
      139,
      121,
      246,
      140,
      203,
      162,
      40,
      250,
      158,
      202,
      159,
      192,
      86,
      172,
      225,
      55,
      206,
      188,
      192,
      99,
      119,
      71,
      75,
      175,
      145,
      49,
      152,
      167,
      252,
      129,
      218,
      216,
      86,
      244,
      161,
      2,
      31,
      98,
      77,
      184,
      0,
      147,
      24,
      58,
      231,
      154,
      225,
      125,
      192,
      21,
      64,
      135,
      31,
      0,
      20,
      152,
      77,
      221,
      90,
      126,
      159,
      7,
      252,
      22,
      185,
      52,
      136,
      25,
      219,
      89,
      215,
      211,
      253,
      38,
      58,
      66,
      44,
      219,
      229,
    ],
    "publicExponent": Uint8Array [
      1,
      0,
      1,
    ],
  },
}
`;

exports[`decomposePrivateKey should also support Uint8Array, ArrayBuffer and string besides Node's Buffer 2`] = `
Object {
  "encryptionAlgorithm": null,
  "format": "pkcs1-der",
  "keyAlgorithm": Object {
    "id": "rsa-encryption",
  },
  "keyData": Object {
    "coefficient": Uint8Array [
      74,
      193,
      71,
      0,
      16,
      255,
      216,
      140,
      228,
      72,
      114,
      205,
      8,
      12,
      15,
      30,
      71,
      239,
      232,
      189,
      116,
      141,
      48,
      186,
      203,
      118,
      85,
      154,
      190,
      134,
      24,
      109,
      148,
      52,
      158,
      127,
      126,
      183,
      71,
      168,
      59,
      33,
      106,
      115,
      64,
      205,
      168,
      186,
      75,
      227,
      67,
      255,
      152,
      28,
      208,
      173,
      66,
      232,
      63,
      170,
      122,
      131,
      33,
      147,
      18,
      43,
      80,
      126,
      137,
      8,
      198,
      76,
      98,
      232,
      239,
      53,
      174,
      128,
      37,
      130,
      208,
      104,
      23,
      173,
      255,
      234,
      34,
      110,
      105,
      215,
      104,
      52,
      100,
      16,
      208,
      140,
      176,
      121,
      48,
      244,
      147,
      75,
      220,
      219,
      181,
      235,
      122,
      109,
      240,
      91,
      148,
      102,
      104,
      145,
      69,
      150,
      40,
      163,
      195,
      104,
      38,
      218,
      46,
      19,
      25,
      162,
      233,
      139,
    ],
    "exponent1": Uint8Array [
      16,
      189,
      34,
      147,
      181,
      170,
      177,
      37,
      121,
      228,
      103,
      180,
      99,
      23,
      26,
      132,
      59,
      132,
      254,
      73,
      143,
      186,
      14,
      88,
      6,
      138,
      113,
      127,
      44,
      177,
      216,
      162,
      101,
      79,
      149,
      150,
      57,
      230,
      89,
      160,
      118,
      15,
      72,
      174,
      151,
      155,
      93,
      155,
      143,
      62,
      144,
      142,
      86,
      151,
      63,
      134,
      47,
      159,
      216,
      195,
      46,
      36,
      181,
      92,
      163,
      11,
      243,
      171,
      193,
      223,
      127,
      35,
      114,
      93,
      6,
      237,
      189,
      140,
      225,
      112,
      173,
      74,
      109,
      172,
      203,
      181,
      126,
      111,
      56,
      108,
      223,
      69,
      119,
      21,
      37,
      157,
      169,
      157,
      16,
      59,
      25,
      82,
      217,
      125,
      214,
      173,
      180,
      240,
      144,
      61,
      243,
      201,
      40,
      99,
      151,
      202,
      250,
      91,
      38,
      210,
      120,
      117,
      49,
      26,
      56,
      157,
      167,
      241,
    ],
    "exponent2": Uint8Array [
      0,
      171,
      47,
      85,
      245,
      196,
      112,
      172,
      128,
      64,
      49,
      38,
      70,
      46,
      135,
      68,
      103,
      142,
      176,
      215,
      105,
      134,
      130,
      131,
      104,
      99,
      120,
      158,
      57,
      104,
      143,
      144,
      21,
      1,
      33,
      129,
      115,
      154,
      91,
      133,
      48,
      51,
      48,
      142,
      15,
      235,
      245,
      114,
      57,
      114,
      136,
      0,
      111,
      142,
      83,
      84,
      206,
      236,
      178,
      150,
      178,
      35,
      8,
      138,
      61,
      192,
      220,
      7,
      155,
      50,
      123,
      209,
      137,
      249,
      213,
      94,
      88,
      169,
      224,
      92,
      30,
      171,
      1,
      215,
      89,
      214,
      27,
      159,
      158,
      104,
      135,
      38,
      21,
      30,
      188,
      151,
      171,
      95,
      68,
      72,
      67,
      246,
      1,
      202,
      97,
      215,
      202,
      99,
      27,
      65,
      145,
      107,
      20,
      55,
      195,
      223,
      29,
      241,
      217,
      10,
      74,
      178,
      192,
      106,
      165,
      171,
      195,
      122,
      123,
    ],
    "modulus": Uint8Array [
      0,
      243,
      53,
      170,
      105,
      60,
      126,
      71,
      56,
      222,
      4,
      85,
      223,
      179,
      20,
      223,
      197,
      143,
      92,
      194,
      27,
      176,
      147,
      213,
      30,
      200,
      59,
      100,
      177,
      219,
      79,
      33,
      62,
      80,
      139,
      134,
      53,
      76,
      7,
      155,
      72,
      196,
      3,
      46,
      52,
      155,
      59,
      108,
      234,
      156,
      197,
      18,
      251,
      148,
      132,
      67,
      101,
      65,
      154,
      84,
      97,
      200,
      47,
      120,
      54,
      72,
      137,
      85,
      242,
      250,
      190,
      133,
      243,
      132,
      110,
      139,
      68,
      159,
      20,
      193,
      85,
      206,
      30,
      31,
      170,
      170,
      225,
      244,
      232,
      73,
      163,
      68,
      223,
      134,
      109,
      39,
      133,
      193,
      140,
      38,
      146,
      183,
      126,
      242,
      108,
      133,
      249,
      130,
      150,
      206,
      206,
      56,
      189,
      255,
      150,
      183,
      171,
      161,
      32,
      138,
      224,
      80,
      31,
      5,
      122,
      206,
      226,
      149,
      38,
      109,
      189,
      34,
      45,
      44,
      227,
      56,
      241,
      163,
      1,
      172,
      87,
      219,
      247,
      11,
      147,
      225,
      65,
      154,
      235,
      94,
      50,
      53,
      142,
      233,
      104,
      205,
      2,
      169,
      99,
      237,
      79,
      146,
      0,
      123,
      57,
      10,
      16,
      131,
      141,
      27,
      163,
      32,
      98,
      17,
      96,
      24,
      191,
      236,
      224,
      19,
      90,
      102,
      88,
      36,
      107,
      189,
      149,
      25,
      216,
      130,
      217,
      16,
      210,
      160,
      20,
      122,
      153,
      200,
      40,
      56,
      47,
      254,
      58,
      136,
      26,
      165,
      210,
      37,
      210,
      124,
      219,
      216,
      183,
      88,
      91,
      49,
      171,
      115,
      176,
      64,
      141,
      8,
      201,
      151,
      68,
      30,
      101,
      128,
      107,
      108,
      222,
      52,
      227,
      112,
      38,
      61,
      9,
      21,
      135,
      201,
      108,
      51,
      150,
      247,
      25,
      27,
      12,
      193,
      189,
      194,
      146,
      102,
      173,
      223,
      149,
      76,
      49,
    ],
    "prime1": Uint8Array [
      0,
      249,
      198,
      95,
      44,
      199,
      123,
      247,
      157,
      201,
      141,
      97,
      248,
      60,
      91,
      65,
      122,
      14,
      134,
      221,
      224,
      44,
      249,
      211,
      91,
      54,
      179,
      135,
      82,
      110,
      27,
      91,
      45,
      28,
      143,
      82,
      223,
      203,
      147,
      23,
      62,
      238,
      187,
      97,
      85,
      89,
      164,
      232,
      159,
      74,
      187,
      113,
      33,
      134,
      39,
      134,
      156,
      160,
      194,
      120,
      123,
      129,
      160,
      37,
      97,
      242,
      130,
      244,
      202,
      178,
      200,
      145,
      168,
      108,
      53,
      179,
      56,
      175,
      4,
      35,
      75,
      238,
      237,
      133,
      81,
      55,
      159,
      153,
      176,
      50,
      34,
      5,
      187,
      91,
      140,
      42,
      33,
      135,
      98,
      246,
      174,
      244,
      57,
      13,
      144,
      24,
      235,
      177,
      143,
      116,
      244,
      147,
      196,
      23,
      32,
      47,
      122,
      195,
      69,
      140,
      55,
      234,
      16,
      105,
      89,
      161,
      85,
      93,
      167,
    ],
    "prime2": Uint8Array [
      0,
      249,
      69,
      103,
      229,
      205,
      166,
      252,
      243,
      103,
      174,
      231,
      48,
      216,
      242,
      223,
      40,
      14,
      51,
      20,
      48,
      86,
      18,
      51,
      126,
      49,
      128,
      179,
      99,
      111,
      188,
      40,
      58,
      146,
      18,
      34,
      252,
      206,
      213,
      102,
      99,
      95,
      31,
      241,
      252,
      202,
      198,
      20,
      129,
      48,
      180,
      7,
      228,
      118,
      136,
      27,
      232,
      36,
      70,
      123,
      119,
      203,
      35,
      184,
      227,
      230,
      222,
      129,
      136,
      193,
      215,
      113,
      213,
      54,
      21,
      96,
      101,
      16,
      211,
      67,
      138,
      29,
      233,
      17,
      104,
      189,
      212,
      16,
      118,
      21,
      115,
      223,
      177,
      148,
      21,
      230,
      176,
      44,
      151,
      140,
      107,
      207,
      221,
      223,
      202,
      221,
      24,
      18,
      48,
      46,
      101,
      43,
      167,
      66,
      180,
      39,
      205,
      185,
      57,
      93,
      67,
      196,
      98,
      122,
      138,
      248,
      190,
      50,
      103,
    ],
    "privateExponent": Uint8Array [
      0,
      201,
      211,
      1,
      252,
      92,
      143,
      234,
      40,
      157,
      204,
      249,
      58,
      46,
      209,
      38,
      181,
      58,
      55,
      222,
      120,
      189,
      250,
      159,
      195,
      240,
      163,
      160,
      247,
      27,
      40,
      58,
      77,
      12,
      232,
      11,
      210,
      84,
      170,
      135,
      73,
      70,
      39,
      225,
      131,
      20,
      66,
      167,
      42,
      182,
      55,
      176,
      126,
      7,
      140,
      14,
      165,
      139,
      96,
      55,
      160,
      1,
      80,
      171,
      48,
      88,
      215,
      102,
      244,
      192,
      241,
      180,
      21,
      22,
      19,
      234,
      12,
      98,
      251,
      5,
      73,
      96,
      71,
      141,
      61,
      194,
      154,
      201,
      242,
      173,
      145,
      8,
      137,
      121,
      115,
      65,
      117,
      244,
      220,
      137,
      241,
      252,
      198,
      35,
      4,
      189,
      213,
      5,
      114,
      130,
      97,
      141,
      162,
      213,
      227,
      203,
      189,
      104,
      115,
      169,
      235,
      101,
      113,
      168,
      201,
      117,
      191,
      127,
      198,
      138,
      238,
      124,
      204,
      191,
      155,
      116,
      226,
      151,
      231,
      22,
      92,
      109,
      205,
      37,
      82,
      198,
      37,
      81,
      145,
      116,
      132,
      230,
      4,
      7,
      25,
      138,
      66,
      162,
      51,
      126,
      123,
      73,
      42,
      196,
      55,
      38,
      13,
      72,
      3,
      199,
      10,
      131,
      248,
      48,
      74,
      98,
      198,
      216,
      139,
      121,
      246,
      140,
      203,
      162,
      40,
      250,
      158,
      202,
      159,
      192,
      86,
      172,
      225,
      55,
      206,
      188,
      192,
      99,
      119,
      71,
      75,
      175,
      145,
      49,
      152,
      167,
      252,
      129,
      218,
      216,
      86,
      244,
      161,
      2,
      31,
      98,
      77,
      184,
      0,
      147,
      24,
      58,
      231,
      154,
      225,
      125,
      192,
      21,
      64,
      135,
      31,
      0,
      20,
      152,
      77,
      221,
      90,
      126,
      159,
      7,
      252,
      22,
      185,
      52,
      136,
      25,
      219,
      89,
      215,
      211,
      253,
      38,
      58,
      66,
      44,
      219,
      229,
    ],
    "publicExponent": Uint8Array [
      1,
      0,
      1,
    ],
  },
}
`;

exports[`decomposePrivateKey should also support Uint8Array, ArrayBuffer and string besides Node's Buffer 3`] = `
Object {
  "encryptionAlgorithm": null,
  "format": "pkcs1-der",
  "keyAlgorithm": Object {
    "id": "rsa-encryption",
  },
  "keyData": Object {
    "coefficient": Uint8Array [
      74,
      193,
      71,
      0,
      16,
      255,
      216,
      140,
      228,
      72,
      114,
      205,
      8,
      12,
      15,
      30,
      71,
      239,
      232,
      189,
      116,
      141,
      48,
      186,
      203,
      118,
      85,
      154,
      190,
      134,
      24,
      109,
      148,
      52,
      158,
      127,
      126,
      183,
      71,
      168,
      59,
      33,
      106,
      115,
      64,
      205,
      168,
      186,
      75,
      227,
      67,
      255,
      152,
      28,
      208,
      173,
      66,
      232,
      63,
      170,
      122,
      131,
      33,
      147,
      18,
      43,
      80,
      126,
      137,
      8,
      198,
      76,
      98,
      232,
      239,
      53,
      174,
      128,
      37,
      130,
      208,
      104,
      23,
      173,
      255,
      234,
      34,
      110,
      105,
      215,
      104,
      52,
      100,
      16,
      208,
      140,
      176,
      121,
      48,
      244,
      147,
      75,
      220,
      219,
      181,
      235,
      122,
      109,
      240,
      91,
      148,
      102,
      104,
      145,
      69,
      150,
      40,
      163,
      195,
      104,
      38,
      218,
      46,
      19,
      25,
      162,
      233,
      139,
    ],
    "exponent1": Uint8Array [
      16,
      189,
      34,
      147,
      181,
      170,
      177,
      37,
      121,
      228,
      103,
      180,
      99,
      23,
      26,
      132,
      59,
      132,
      254,
      73,
      143,
      186,
      14,
      88,
      6,
      138,
      113,
      127,
      44,
      177,
      216,
      162,
      101,
      79,
      149,
      150,
      57,
      230,
      89,
      160,
      118,
      15,
      72,
      174,
      151,
      155,
      93,
      155,
      143,
      62,
      144,
      142,
      86,
      151,
      63,
      134,
      47,
      159,
      216,
      195,
      46,
      36,
      181,
      92,
      163,
      11,
      243,
      171,
      193,
      223,
      127,
      35,
      114,
      93,
      6,
      237,
      189,
      140,
      225,
      112,
      173,
      74,
      109,
      172,
      203,
      181,
      126,
      111,
      56,
      108,
      223,
      69,
      119,
      21,
      37,
      157,
      169,
      157,
      16,
      59,
      25,
      82,
      217,
      125,
      214,
      173,
      180,
      240,
      144,
      61,
      243,
      201,
      40,
      99,
      151,
      202,
      250,
      91,
      38,
      210,
      120,
      117,
      49,
      26,
      56,
      157,
      167,
      241,
    ],
    "exponent2": Uint8Array [
      0,
      171,
      47,
      85,
      245,
      196,
      112,
      172,
      128,
      64,
      49,
      38,
      70,
      46,
      135,
      68,
      103,
      142,
      176,
      215,
      105,
      134,
      130,
      131,
      104,
      99,
      120,
      158,
      57,
      104,
      143,
      144,
      21,
      1,
      33,
      129,
      115,
      154,
      91,
      133,
      48,
      51,
      48,
      142,
      15,
      235,
      245,
      114,
      57,
      114,
      136,
      0,
      111,
      142,
      83,
      84,
      206,
      236,
      178,
      150,
      178,
      35,
      8,
      138,
      61,
      192,
      220,
      7,
      155,
      50,
      123,
      209,
      137,
      249,
      213,
      94,
      88,
      169,
      224,
      92,
      30,
      171,
      1,
      215,
      89,
      214,
      27,
      159,
      158,
      104,
      135,
      38,
      21,
      30,
      188,
      151,
      171,
      95,
      68,
      72,
      67,
      246,
      1,
      202,
      97,
      215,
      202,
      99,
      27,
      65,
      145,
      107,
      20,
      55,
      195,
      223,
      29,
      241,
      217,
      10,
      74,
      178,
      192,
      106,
      165,
      171,
      195,
      122,
      123,
    ],
    "modulus": Uint8Array [
      0,
      243,
      53,
      170,
      105,
      60,
      126,
      71,
      56,
      222,
      4,
      85,
      223,
      179,
      20,
      223,
      197,
      143,
      92,
      194,
      27,
      176,
      147,
      213,
      30,
      200,
      59,
      100,
      177,
      219,
      79,
      33,
      62,
      80,
      139,
      134,
      53,
      76,
      7,
      155,
      72,
      196,
      3,
      46,
      52,
      155,
      59,
      108,
      234,
      156,
      197,
      18,
      251,
      148,
      132,
      67,
      101,
      65,
      154,
      84,
      97,
      200,
      47,
      120,
      54,
      72,
      137,
      85,
      242,
      250,
      190,
      133,
      243,
      132,
      110,
      139,
      68,
      159,
      20,
      193,
      85,
      206,
      30,
      31,
      170,
      170,
      225,
      244,
      232,
      73,
      163,
      68,
      223,
      134,
      109,
      39,
      133,
      193,
      140,
      38,
      146,
      183,
      126,
      242,
      108,
      133,
      249,
      130,
      150,
      206,
      206,
      56,
      189,
      255,
      150,
      183,
      171,
      161,
      32,
      138,
      224,
      80,
      31,
      5,
      122,
      206,
      226,
      149,
      38,
      109,
      189,
      34,
      45,
      44,
      227,
      56,
      241,
      163,
      1,
      172,
      87,
      219,
      247,
      11,
      147,
      225,
      65,
      154,
      235,
      94,
      50,
      53,
      142,
      233,
      104,
      205,
      2,
      169,
      99,
      237,
      79,
      146,
      0,
      123,
      57,
      10,
      16,
      131,
      141,
      27,
      163,
      32,
      98,
      17,
      96,
      24,
      191,
      236,
      224,
      19,
      90,
      102,
      88,
      36,
      107,
      189,
      149,
      25,
      216,
      130,
      217,
      16,
      210,
      160,
      20,
      122,
      153,
      200,
      40,
      56,
      47,
      254,
      58,
      136,
      26,
      165,
      210,
      37,
      210,
      124,
      219,
      216,
      183,
      88,
      91,
      49,
      171,
      115,
      176,
      64,
      141,
      8,
      201,
      151,
      68,
      30,
      101,
      128,
      107,
      108,
      222,
      52,
      227,
      112,
      38,
      61,
      9,
      21,
      135,
      201,
      108,
      51,
      150,
      247,
      25,
      27,
      12,
      193,
      189,
      194,
      146,
      102,
      173,
      223,
      149,
      76,
      49,
    ],
    "prime1": Uint8Array [
      0,
      249,
      198,
      95,
      44,
      199,
      123,
      247,
      157,
      201,
      141,
      97,
      248,
      60,
      91,
      65,
      122,
      14,
      134,
      221,
      224,
      44,
      249,
      211,
      91,
      54,
      179,
      135,
      82,
      110,
      27,
      91,
      45,
      28,
      143,
      82,
      223,
      203,
      147,
      23,
      62,
      238,
      187,
      97,
      85,
      89,
      164,
      232,
      159,
      74,
      187,
      113,
      33,
      134,
      39,
      134,
      156,
      160,
      194,
      120,
      123,
      129,
      160,
      37,
      97,
      242,
      130,
      244,
      202,
      178,
      200,
      145,
      168,
      108,
      53,
      179,
      56,
      175,
      4,
      35,
      75,
      238,
      237,
      133,
      81,
      55,
      159,
      153,
      176,
      50,
      34,
      5,
      187,
      91,
      140,
      42,
      33,
      135,
      98,
      246,
      174,
      244,
      57,
      13,
      144,
      24,
      235,
      177,
      143,
      116,
      244,
      147,
      196,
      23,
      32,
      47,
      122,
      195,
      69,
      140,
      55,
      234,
      16,
      105,
      89,
      161,
      85,
      93,
      167,
    ],
    "prime2": Uint8Array [
      0,
      249,
      69,
      103,
      229,
      205,
      166,
      252,
      243,
      103,
      174,
      231,
      48,
      216,
      242,
      223,
      40,
      14,
      51,
      20,
      48,
      86,
      18,
      51,
      126,
      49,
      128,
      179,
      99,
      111,
      188,
      40,
      58,
      146,
      18,
      34,
      252,
      206,
      213,
      102,
      99,
      95,
      31,
      241,
      252,
      202,
      198,
      20,
      129,
      48,
      180,
      7,
      228,
      118,
      136,
      27,
      232,
      36,
      70,
      123,
      119,
      203,
      35,
      184,
      227,
      230,
      222,
      129,
      136,
      193,
      215,
      113,
      213,
      54,
      21,
      96,
      101,
      16,
      211,
      67,
      138,
      29,
      233,
      17,
      104,
      189,
      212,
      16,
      118,
      21,
      115,
      223,
      177,
      148,
      21,
      230,
      176,
      44,
      151,
      140,
      107,
      207,
      221,
      223,
      202,
      221,
      24,
      18,
      48,
      46,
      101,
      43,
      167,
      66,
      180,
      39,
      205,
      185,
      57,
      93,
      67,
      196,
      98,
      122,
      138,
      248,
      190,
      50,
      103,
    ],
    "privateExponent": Uint8Array [
      0,
      201,
      211,
      1,
      252,
      92,
      143,
      234,
      40,
      157,
      204,
      249,
      58,
      46,
      209,
      38,
      181,
      58,
      55,
      222,
      120,
      189,
      250,
      159,
      195,
      240,
      163,
      160,
      247,
      27,
      40,
      58,
      77,
      12,
      232,
      11,
      210,
      84,
      170,
      135,
      73,
      70,
      39,
      225,
      131,
      20,
      66,
      167,
      42,
      182,
      55,
      176,
      126,
      7,
      140,
      14,
      165,
      139,
      96,
      55,
      160,
      1,
      80,
      171,
      48,
      88,
      215,
      102,
      244,
      192,
      241,
      180,
      21,
      22,
      19,
      234,
      12,
      98,
      251,
      5,
      73,
      96,
      71,
      141,
      61,
      194,
      154,
      201,
      242,
      173,
      145,
      8,
      137,
      121,
      115,
      65,
      117,
      244,
      220,
      137,
      241,
      252,
      198,
      35,
      4,
      189,
      213,
      5,
      114,
      130,
      97,
      141,
      162,
      213,
      227,
      203,
      189,
      104,
      115,
      169,
      235,
      101,
      113,
      168,
      201,
      117,
      191,
      127,
      198,
      138,
      238,
      124,
      204,
      191,
      155,
      116,
      226,
      151,
      231,
      22,
      92,
      109,
      205,
      37,
      82,
      198,
      37,
      81,
      145,
      116,
      132,
      230,
      4,
      7,
      25,
      138,
      66,
      162,
      51,
      126,
      123,
      73,
      42,
      196,
      55,
      38,
      13,
      72,
      3,
      199,
      10,
      131,
      248,
      48,
      74,
      98,
      198,
      216,
      139,
      121,
      246,
      140,
      203,
      162,
      40,
      250,
      158,
      202,
      159,
      192,
      86,
      172,
      225,
      55,
      206,
      188,
      192,
      99,
      119,
      71,
      75,
      175,
      145,
      49,
      152,
      167,
      252,
      129,
      218,
      216,
      86,
      244,
      161,
      2,
      31,
      98,
      77,
      184,
      0,
      147,
      24,
      58,
      231,
      154,
      225,
      125,
      192,
      21,
      64,
      135,
      31,
      0,
      20,
      152,
      77,
      221,
      90,
      126,
      159,
      7,
      252,
      22,
      185,
      52,
      136,
      25,
      219,
      89,
      215,
      211,
      253,
      38,
      58,
      66,
      44,
      219,
      229,
    ],
    "publicExponent": Uint8Array [
      1,
      0,
      1,
    ],
  },
}
`;

exports[`decomposePrivateKey should decompose a RSA key 1`] = `
Object {
  "encryptionAlgorithm": null,
  "format": "pkcs1-der",
  "keyAlgorithm": Object {
    "id": "rsa-encryption",
  },
  "keyData": Object {
    "coefficient": Uint8Array [
      74,
      193,
      71,
      0,
      16,
      255,
      216,
      140,
      228,
      72,
      114,
      205,
      8,
      12,
      15,
      30,
      71,
      239,
      232,
      189,
      116,
      141,
      48,
      186,
      203,
      118,
      85,
      154,
      190,
      134,
      24,
      109,
      148,
      52,
      158,
      127,
      126,
      183,
      71,
      168,
      59,
      33,
      106,
      115,
      64,
      205,
      168,
      186,
      75,
      227,
      67,
      255,
      152,
      28,
      208,
      173,
      66,
      232,
      63,
      170,
      122,
      131,
      33,
      147,
      18,
      43,
      80,
      126,
      137,
      8,
      198,
      76,
      98,
      232,
      239,
      53,
      174,
      128,
      37,
      130,
      208,
      104,
      23,
      173,
      255,
      234,
      34,
      110,
      105,
      215,
      104,
      52,
      100,
      16,
      208,
      140,
      176,
      121,
      48,
      244,
      147,
      75,
      220,
      219,
      181,
      235,
      122,
      109,
      240,
      91,
      148,
      102,
      104,
      145,
      69,
      150,
      40,
      163,
      195,
      104,
      38,
      218,
      46,
      19,
      25,
      162,
      233,
      139,
    ],
    "exponent1": Uint8Array [
      16,
      189,
      34,
      147,
      181,
      170,
      177,
      37,
      121,
      228,
      103,
      180,
      99,
      23,
      26,
      132,
      59,
      132,
      254,
      73,
      143,
      186,
      14,
      88,
      6,
      138,
      113,
      127,
      44,
      177,
      216,
      162,
      101,
      79,
      149,
      150,
      57,
      230,
      89,
      160,
      118,
      15,
      72,
      174,
      151,
      155,
      93,
      155,
      143,
      62,
      144,
      142,
      86,
      151,
      63,
      134,
      47,
      159,
      216,
      195,
      46,
      36,
      181,
      92,
      163,
      11,
      243,
      171,
      193,
      223,
      127,
      35,
      114,
      93,
      6,
      237,
      189,
      140,
      225,
      112,
      173,
      74,
      109,
      172,
      203,
      181,
      126,
      111,
      56,
      108,
      223,
      69,
      119,
      21,
      37,
      157,
      169,
      157,
      16,
      59,
      25,
      82,
      217,
      125,
      214,
      173,
      180,
      240,
      144,
      61,
      243,
      201,
      40,
      99,
      151,
      202,
      250,
      91,
      38,
      210,
      120,
      117,
      49,
      26,
      56,
      157,
      167,
      241,
    ],
    "exponent2": Uint8Array [
      0,
      171,
      47,
      85,
      245,
      196,
      112,
      172,
      128,
      64,
      49,
      38,
      70,
      46,
      135,
      68,
      103,
      142,
      176,
      215,
      105,
      134,
      130,
      131,
      104,
      99,
      120,
      158,
      57,
      104,
      143,
      144,
      21,
      1,
      33,
      129,
      115,
      154,
      91,
      133,
      48,
      51,
      48,
      142,
      15,
      235,
      245,
      114,
      57,
      114,
      136,
      0,
      111,
      142,
      83,
      84,
      206,
      236,
      178,
      150,
      178,
      35,
      8,
      138,
      61,
      192,
      220,
      7,
      155,
      50,
      123,
      209,
      137,
      249,
      213,
      94,
      88,
      169,
      224,
      92,
      30,
      171,
      1,
      215,
      89,
      214,
      27,
      159,
      158,
      104,
      135,
      38,
      21,
      30,
      188,
      151,
      171,
      95,
      68,
      72,
      67,
      246,
      1,
      202,
      97,
      215,
      202,
      99,
      27,
      65,
      145,
      107,
      20,
      55,
      195,
      223,
      29,
      241,
      217,
      10,
      74,
      178,
      192,
      106,
      165,
      171,
      195,
      122,
      123,
    ],
    "modulus": Uint8Array [
      0,
      243,
      53,
      170,
      105,
      60,
      126,
      71,
      56,
      222,
      4,
      85,
      223,
      179,
      20,
      223,
      197,
      143,
      92,
      194,
      27,
      176,
      147,
      213,
      30,
      200,
      59,
      100,
      177,
      219,
      79,
      33,
      62,
      80,
      139,
      134,
      53,
      76,
      7,
      155,
      72,
      196,
      3,
      46,
      52,
      155,
      59,
      108,
      234,
      156,
      197,
      18,
      251,
      148,
      132,
      67,
      101,
      65,
      154,
      84,
      97,
      200,
      47,
      120,
      54,
      72,
      137,
      85,
      242,
      250,
      190,
      133,
      243,
      132,
      110,
      139,
      68,
      159,
      20,
      193,
      85,
      206,
      30,
      31,
      170,
      170,
      225,
      244,
      232,
      73,
      163,
      68,
      223,
      134,
      109,
      39,
      133,
      193,
      140,
      38,
      146,
      183,
      126,
      242,
      108,
      133,
      249,
      130,
      150,
      206,
      206,
      56,
      189,
      255,
      150,
      183,
      171,
      161,
      32,
      138,
      224,
      80,
      31,
      5,
      122,
      206,
      226,
      149,
      38,
      109,
      189,
      34,
      45,
      44,
      227,
      56,
      241,
      163,
      1,
      172,
      87,
      219,
      247,
      11,
      147,
      225,
      65,
      154,
      235,
      94,
      50,
      53,
      142,
      233,
      104,
      205,
      2,
      169,
      99,
      237,
      79,
      146,
      0,
      123,
      57,
      10,
      16,
      131,
      141,
      27,
      163,
      32,
      98,
      17,
      96,
      24,
      191,
      236,
      224,
      19,
      90,
      102,
      88,
      36,
      107,
      189,
      149,
      25,
      216,
      130,
      217,
      16,
      210,
      160,
      20,
      122,
      153,
      200,
      40,
      56,
      47,
      254,
      58,
      136,
      26,
      165,
      210,
      37,
      210,
      124,
      219,
      216,
      183,
      88,
      91,
      49,
      171,
      115,
      176,
      64,
      141,
      8,
      201,
      151,
      68,
      30,
      101,
      128,
      107,
      108,
      222,
      52,
      227,
      112,
      38,
      61,
      9,
      21,
      135,
      201,
      108,
      51,
      150,
      247,
      25,
      27,
      12,
      193,
      189,
      194,
      146,
      102,
      173,
      223,
      149,
      76,
      49,
    ],
    "prime1": Uint8Array [
      0,
      249,
      198,
      95,
      44,
      199,
      123,
      247,
      157,
      201,
      141,
      97,
      248,
      60,
      91,
      65,
      122,
      14,
      134,
      221,
      224,
      44,
      249,
      211,
      91,
      54,
      179,
      135,
      82,
      110,
      27,
      91,
      45,
      28,
      143,
      82,
      223,
      203,
      147,
      23,
      62,
      238,
      187,
      97,
      85,
      89,
      164,
      232,
      159,
      74,
      187,
      113,
      33,
      134,
      39,
      134,
      156,
      160,
      194,
      120,
      123,
      129,
      160,
      37,
      97,
      242,
      130,
      244,
      202,
      178,
      200,
      145,
      168,
      108,
      53,
      179,
      56,
      175,
      4,
      35,
      75,
      238,
      237,
      133,
      81,
      55,
      159,
      153,
      176,
      50,
      34,
      5,
      187,
      91,
      140,
      42,
      33,
      135,
      98,
      246,
      174,
      244,
      57,
      13,
      144,
      24,
      235,
      177,
      143,
      116,
      244,
      147,
      196,
      23,
      32,
      47,
      122,
      195,
      69,
      140,
      55,
      234,
      16,
      105,
      89,
      161,
      85,
      93,
      167,
    ],
    "prime2": Uint8Array [
      0,
      249,
      69,
      103,
      229,
      205,
      166,
      252,
      243,
      103,
      174,
      231,
      48,
      216,
      242,
      223,
      40,
      14,
      51,
      20,
      48,
      86,
      18,
      51,
      126,
      49,
      128,
      179,
      99,
      111,
      188,
      40,
      58,
      146,
      18,
      34,
      252,
      206,
      213,
      102,
      99,
      95,
      31,
      241,
      252,
      202,
      198,
      20,
      129,
      48,
      180,
      7,
      228,
      118,
      136,
      27,
      232,
      36,
      70,
      123,
      119,
      203,
      35,
      184,
      227,
      230,
      222,
      129,
      136,
      193,
      215,
      113,
      213,
      54,
      21,
      96,
      101,
      16,
      211,
      67,
      138,
      29,
      233,
      17,
      104,
      189,
      212,
      16,
      118,
      21,
      115,
      223,
      177,
      148,
      21,
      230,
      176,
      44,
      151,
      140,
      107,
      207,
      221,
      223,
      202,
      221,
      24,
      18,
      48,
      46,
      101,
      43,
      167,
      66,
      180,
      39,
      205,
      185,
      57,
      93,
      67,
      196,
      98,
      122,
      138,
      248,
      190,
      50,
      103,
    ],
    "privateExponent": Uint8Array [
      0,
      201,
      211,
      1,
      252,
      92,
      143,
      234,
      40,
      157,
      204,
      249,
      58,
      46,
      209,
      38,
      181,
      58,
      55,
      222,
      120,
      189,
      250,
      159,
      195,
      240,
      163,
      160,
      247,
      27,
      40,
      58,
      77,
      12,
      232,
      11,
      210,
      84,
      170,
      135,
      73,
      70,
      39,
      225,
      131,
      20,
      66,
      167,
      42,
      182,
      55,
      176,
      126,
      7,
      140,
      14,
      165,
      139,
      96,
      55,
      160,
      1,
      80,
      171,
      48,
      88,
      215,
      102,
      244,
      192,
      241,
      180,
      21,
      22,
      19,
      234,
      12,
      98,
      251,
      5,
      73,
      96,
      71,
      141,
      61,
      194,
      154,
      201,
      242,
      173,
      145,
      8,
      137,
      121,
      115,
      65,
      117,
      244,
      220,
      137,
      241,
      252,
      198,
      35,
      4,
      189,
      213,
      5,
      114,
      130,
      97,
      141,
      162,
      213,
      227,
      203,
      189,
      104,
      115,
      169,
      235,
      101,
      113,
      168,
      201,
      117,
      191,
      127,
      198,
      138,
      238,
      124,
      204,
      191,
      155,
      116,
      226,
      151,
      231,
      22,
      92,
      109,
      205,
      37,
      82,
      198,
      37,
      81,
      145,
      116,
      132,
      230,
      4,
      7,
      25,
      138,
      66,
      162,
      51,
      126,
      123,
      73,
      42,
      196,
      55,
      38,
      13,
      72,
      3,
      199,
      10,
      131,
      248,
      48,
      74,
      98,
      198,
      216,
      139,
      121,
      246,
      140,
      203,
      162,
      40,
      250,
      158,
      202,
      159,
      192,
      86,
      172,
      225,
      55,
      206,
      188,
      192,
      99,
      119,
      71,
      75,
      175,
      145,
      49,
      152,
      167,
      252,
      129,
      218,
      216,
      86,
      244,
      161,
      2,
      31,
      98,
      77,
      184,
      0,
      147,
      24,
      58,
      231,
      154,
      225,
      125,
      192,
      21,
      64,
      135,
      31,
      0,
      20,
      152,
      77,
      221,
      90,
      126,
      159,
      7,
      252,
      22,
      185,
      52,
      136,
      25,
      219,
      89,
      215,
      211,
      253,
      38,
      58,
      66,
      44,
      219,
      229,
    ],
    "publicExponent": Uint8Array [
      1,
      0,
      1,
    ],
  },
}
`;

exports[`decomposePrivateKey should decompose a RSA key with 3 primes 1`] = `
Object {
  "encryptionAlgorithm": null,
  "format": "pkcs1-der",
  "keyAlgorithm": Object {
    "id": "rsa-encryption",
  },
  "keyData": Object {
    "coefficient": Uint8Array [
      0,
      193,
      111,
      249,
      86,
      56,
      55,
      246,
      86,
      229,
      160,
      107,
      81,
      92,
      91,
      3,
      53,
      212,
      106,
      22,
      219,
      119,
      6,
      158,
      43,
      14,
      241,
      89,
      52,
      16,
      62,
      230,
      108,
      202,
      50,
      146,
      58,
      4,
      59,
      98,
      217,
      177,
      3,
      49,
      22,
      204,
      57,
      102,
      63,
      168,
      38,
      129,
      234,
      4,
      100,
      57,
      224,
      56,
      101,
      25,
      16,
      172,
      84,
      153,
      139,
      243,
      203,
      8,
      55,
      221,
      249,
      126,
      1,
      173,
      186,
      143,
      160,
      254,
      55,
      91,
      73,
      123,
      131,
      103,
      138,
      141,
    ],
    "exponent1": Uint8Array [
      4,
      236,
      157,
      170,
      213,
      250,
      39,
      105,
      171,
      167,
      193,
      200,
      91,
      155,
      189,
      61,
      225,
      118,
      91,
      50,
      68,
      118,
      49,
      109,
      171,
      28,
      7,
      85,
      5,
      109,
      97,
      68,
      0,
      14,
      214,
      113,
      100,
      139,
      170,
      235,
      176,
      13,
      78,
      77,
      227,
      214,
      84,
      233,
      11,
      120,
      232,
      13,
      170,
      206,
      240,
      7,
      37,
      70,
      96,
      236,
      4,
      6,
      9,
      40,
      27,
      240,
      211,
      126,
      228,
      195,
      207,
      151,
      165,
      124,
      172,
      129,
      94,
      207,
      173,
      208,
      34,
      190,
      34,
      154,
      37,
      143,
    ],
    "exponent2": Uint8Array [
      4,
      48,
      21,
      135,
      238,
      138,
      212,
      61,
      179,
      246,
      63,
      30,
      13,
      209,
      149,
      57,
      231,
      178,
      151,
      101,
      61,
      216,
      211,
      117,
      72,
      83,
      71,
      182,
      118,
      221,
      193,
      109,
      106,
      66,
      37,
      53,
      177,
      51,
      108,
      18,
      122,
      30,
      40,
      46,
      33,
      170,
      190,
      71,
      67,
      182,
      73,
      245,
      106,
      119,
      126,
      210,
      251,
      179,
      14,
      63,
      238,
      27,
      18,
      41,
      146,
      20,
      169,
      182,
      172,
      59,
      73,
      44,
      151,
      170,
      162,
      68,
      96,
      114,
      104,
      183,
      4,
      92,
      247,
      54,
      50,
      185,
    ],
    "modulus": Uint8Array [
      0,
      214,
      89,
      146,
      80,
      233,
      6,
      26,
      87,
      236,
      54,
      146,
      221,
      244,
      112,
      108,
      243,
      219,
      149,
      89,
      238,
      182,
      89,
      36,
      242,
      240,
      65,
      28,
      67,
      84,
      47,
      203,
      171,
      40,
      82,
      45,
      76,
      110,
      47,
      197,
      117,
      182,
      148,
      119,
      72,
      228,
      38,
      46,
      48,
      102,
      60,
      228,
      122,
      68,
      5,
      100,
      250,
      96,
      107,
      152,
      77,
      168,
      94,
      159,
      110,
      108,
      182,
      222,
      24,
      19,
      166,
      99,
      170,
      82,
      193,
      213,
      125,
      56,
      144,
      129,
      253,
      48,
      180,
      16,
      241,
      7,
      101,
      181,
      117,
      222,
      171,
      180,
      76,
      148,
      90,
      33,
      139,
      25,
      180,
      185,
      17,
      25,
      184,
      203,
      229,
      6,
      21,
      151,
      90,
      43,
      171,
      152,
      212,
      58,
      42,
      223,
      44,
      51,
      174,
      221,
      155,
      89,
      33,
      194,
      159,
      208,
      233,
      180,
      251,
      9,
      46,
      213,
      34,
      74,
      50,
      49,
      231,
      255,
      225,
      0,
      143,
      61,
      121,
      69,
      245,
      238,
      189,
      216,
      137,
      228,
      26,
      1,
      93,
      21,
      167,
      173,
      173,
      214,
      138,
      56,
      116,
      239,
      43,
      77,
      5,
      46,
      224,
      157,
      23,
      137,
      16,
      253,
      11,
      154,
      248,
      24,
      54,
      212,
      239,
      176,
      30,
      8,
      130,
      227,
      70,
      5,
      173,
      30,
      156,
      54,
      113,
      211,
      86,
      255,
      150,
      175,
      190,
      91,
      64,
      243,
      73,
      11,
      132,
      160,
      153,
      68,
      115,
      200,
      110,
      99,
      25,
      1,
      40,
      227,
      94,
      82,
      137,
      183,
      162,
      5,
      15,
      200,
      246,
      243,
      152,
      112,
      16,
      250,
      120,
      208,
      112,
      140,
      114,
      28,
      81,
      234,
      37,
      252,
      90,
      101,
      132,
      73,
      169,
      4,
      196,
      42,
      92,
      18,
      178,
      45,
      124,
      184,
      178,
      26,
      212,
      173,
      69,
    ],
    "otherPrimeInfos": Array [
      Object {
        "coefficient": Uint8Array [
          3,
          156,
          122,
          36,
          92,
          171,
          85,
          138,
          81,
          118,
          3,
          249,
          153,
          149,
          95,
          203,
          71,
          99,
          44,
          133,
          229,
          229,
          251,
          7,
          101,
          81,
          34,
          9,
          232,
          119,
          200,
          226,
          135,
          184,
          88,
          205,
          136,
          183,
          218,
          96,
          103,
          61,
          202,
          3,
          16,
          213,
          159,
          6,
          202,
          58,
          44,
          15,
          158,
          33,
          130,
          183,
          87,
          202,
          72,
          60,
          226,
          234,
          17,
          48,
          146,
          15,
          48,
          35,
          79,
          64,
          22,
          122,
          114,
          66,
          174,
          234,
          196,
          64,
          252,
          212,
          221,
          17,
          138,
          240,
          236,
          53,
        ],
        "exponent": Uint8Array [
          2,
          42,
          71,
          44,
          8,
          224,
          21,
          168,
          175,
          138,
          140,
          10,
          1,
          21,
          182,
          226,
          107,
          250,
          84,
          109,
          238,
          108,
          222,
          162,
          73,
          191,
          13,
          8,
          236,
          92,
          194,
          24,
          95,
          58,
          82,
          74,
          42,
          34,
          184,
          190,
          224,
          227,
          237,
          18,
          133,
          99,
          234,
          187,
          234,
          248,
          189,
          24,
          101,
          144,
          97,
          87,
          241,
          13,
          241,
          0,
          70,
          17,
          177,
          155,
          93,
          209,
          121,
          226,
          187,
          71,
          211,
          174,
          106,
          242,
          198,
          223,
          230,
          120,
          154,
          99,
          124,
          166,
          171,
          148,
          142,
          225,
        ],
        "prime": Uint8Array [
          3,
          192,
          73,
          89,
          22,
          92,
          76,
          101,
          126,
          63,
          177,
          79,
          193,
          105,
          153,
          117,
          204,
          236,
          151,
          248,
          223,
          116,
          48,
          239,
          201,
          167,
          24,
          30,
          125,
          122,
          247,
          213,
          33,
          87,
          93,
          100,
          249,
          61,
          15,
          230,
          158,
          152,
          44,
          84,
          121,
          136,
          131,
          170,
          182,
          220,
          144,
          226,
          193,
          100,
          128,
          204,
          253,
          78,
          69,
          225,
          228,
          89,
          14,
          201,
          142,
          253,
          39,
          217,
          41,
          159,
          173,
          164,
          57,
          73,
          185,
          65,
          229,
          177,
          4,
          15,
          163,
          208,
          133,
          94,
          63,
          57,
        ],
      },
    ],
    "prime1": Uint8Array [
      7,
      185,
      218,
      228,
      206,
      19,
      111,
      180,
      181,
      188,
      79,
      203,
      184,
      6,
      147,
      59,
      129,
      229,
      245,
      14,
      220,
      33,
      190,
      98,
      194,
      171,
      48,
      50,
      47,
      162,
      101,
      43,
      3,
      75,
      213,
      57,
      49,
      73,
      121,
      32,
      255,
      26,
      236,
      228,
      93,
      228,
      112,
      25,
      252,
      226,
      231,
      133,
      0,
      209,
      158,
      10,
      68,
      113,
      31,
      183,
      219,
      249,
      224,
      234,
      150,
      74,
      230,
      164,
      223,
      232,
      151,
      58,
      50,
      188,
      38,
      77,
      234,
      95,
      77,
      236,
      185,
      0,
      78,
      252,
      225,
      171,
    ],
    "prime2": Uint8Array [
      7,
      101,
      108,
      136,
      32,
      148,
      207,
      231,
      197,
      219,
      81,
      217,
      102,
      159,
      175,
      184,
      228,
      203,
      108,
      206,
      114,
      157,
      232,
      135,
      245,
      174,
      236,
      255,
      189,
      233,
      67,
      125,
      241,
      38,
      154,
      23,
      14,
      253,
      233,
      91,
      133,
      66,
      224,
      252,
      45,
      81,
      54,
      75,
      32,
      174,
      239,
      225,
      229,
      138,
      229,
      42,
      195,
      35,
      163,
      133,
      144,
      24,
      73,
      26,
      154,
      119,
      32,
      114,
      129,
      111,
      69,
      243,
      235,
      76,
      94,
      122,
      152,
      165,
      218,
      207,
      197,
      106,
      89,
      67,
      180,
      71,
    ],
    "privateExponent": Uint8Array [
      104,
      170,
      42,
      32,
      233,
      247,
      249,
      235,
      14,
      195,
      131,
      41,
      112,
      15,
      105,
      148,
      21,
      151,
      178,
      231,
      54,
      17,
      7,
      82,
      188,
      239,
      254,
      29,
      254,
      64,
      172,
      97,
      177,
      249,
      150,
      118,
      232,
      162,
      216,
      247,
      102,
      164,
      206,
      46,
      64,
      129,
      72,
      50,
      135,
      233,
      153,
      226,
      253,
      205,
      232,
      133,
      189,
      137,
      44,
      64,
      87,
      67,
      132,
      244,
      5,
      143,
      177,
      152,
      238,
      23,
      100,
      57,
      41,
      217,
      206,
      38,
      43,
      245,
      156,
      19,
      134,
      177,
      150,
      72,
      43,
      13,
      235,
      255,
      137,
      240,
      105,
      84,
      126,
      216,
      31,
      214,
      76,
      160,
      13,
      88,
      232,
      163,
      161,
      185,
      91,
      123,
      52,
      161,
      110,
      71,
      198,
      232,
      113,
      189,
      82,
      60,
      73,
      178,
      141,
      221,
      16,
      78,
      5,
      207,
      236,
      151,
      123,
      158,
      220,
      30,
      187,
      26,
      151,
      212,
      38,
      29,
      201,
      66,
      108,
      103,
      196,
      225,
      213,
      79,
      20,
      206,
      66,
      117,
      188,
      58,
      177,
      76,
      108,
      215,
      80,
      247,
      32,
      241,
      209,
      64,
      114,
      209,
      102,
      49,
      243,
      172,
      173,
      103,
      75,
      170,
      108,
      126,
      149,
      139,
      34,
      136,
      175,
      100,
      188,
      138,
      24,
      65,
      83,
      59,
      230,
      123,
      178,
      74,
      202,
      224,
      28,
      45,
      134,
      149,
      47,
      115,
      97,
      172,
      210,
      64,
      35,
      232,
      225,
      208,
      35,
      59,
      35,
      124,
      21,
      185,
      79,
      202,
      149,
      161,
      80,
      157,
      151,
      236,
      135,
      22,
      56,
      1,
      179,
      111,
      195,
      135,
      43,
      186,
      101,
      169,
      36,
      238,
      217,
      51,
      117,
      144,
      148,
      8,
      88,
      38,
      22,
      123,
      53,
      222,
      252,
      235,
      27,
      148,
      126,
      123,
      245,
      37,
      43,
      241,
      95,
      33,
    ],
    "publicExponent": Uint8Array [
      1,
      0,
      1,
    ],
  },
}
`;

exports[`decomposePrivateKey should decompose a RSA key with 4 primes 1`] = `
Object {
  "encryptionAlgorithm": null,
  "format": "pkcs1-der",
  "keyAlgorithm": Object {
    "id": "rsa-encryption",
  },
  "keyData": Object {
    "coefficient": Uint8Array [
      111,
      116,
      95,
      236,
      167,
      244,
      209,
      157,
      61,
      96,
      162,
      237,
      55,
      133,
      192,
      202,
      13,
      210,
      211,
      157,
      116,
      188,
      142,
      146,
      134,
      118,
      86,
      58,
      142,
      235,
      28,
      84,
      128,
      183,
      244,
      189,
      179,
      159,
      137,
      173,
      12,
      56,
      245,
      67,
      103,
      209,
      38,
      252,
      183,
      129,
      93,
      20,
      211,
      211,
      132,
      189,
      97,
      2,
      92,
      5,
      247,
      25,
      159,
      128,
      133,
      139,
      9,
      86,
      145,
      192,
      180,
      7,
      247,
      161,
      210,
      145,
      153,
      124,
      26,
      227,
      127,
      200,
      107,
      148,
      61,
      222,
      175,
      121,
      139,
      153,
      100,
      240,
      23,
      138,
      43,
      82,
      119,
      228,
      6,
      13,
      192,
      149,
      31,
      170,
      50,
      95,
      105,
      47,
      176,
      75,
      251,
      168,
      161,
      146,
      252,
      70,
      215,
      221,
      157,
      8,
      183,
      245,
      17,
      163,
      147,
      201,
      47,
      24,
    ],
    "exponent1": Uint8Array [
      103,
      8,
      55,
      109,
      151,
      113,
      152,
      211,
      14,
      135,
      16,
      157,
      178,
      47,
      41,
      139,
      80,
      96,
      26,
      207,
      176,
      225,
      7,
      191,
      191,
      85,
      109,
      84,
      147,
      235,
      63,
      252,
      235,
      160,
      43,
      104,
      122,
      196,
      47,
      24,
      200,
      102,
      93,
      198,
      59,
      230,
      81,
      181,
      197,
      221,
      65,
      53,
      206,
      52,
      182,
      65,
      66,
      230,
      109,
      93,
      35,
      248,
      160,
      199,
      135,
      202,
      135,
      77,
      250,
      8,
      150,
      124,
      128,
      110,
      93,
      52,
      25,
      124,
      124,
      232,
      73,
      201,
      62,
      153,
      220,
      142,
      23,
      254,
      193,
      113,
      45,
      176,
      118,
      170,
      45,
      6,
      188,
      159,
      40,
      110,
      88,
      182,
      49,
      243,
      17,
      33,
      98,
      219,
      138,
      133,
      85,
      177,
      123,
      251,
      58,
      235,
      16,
      154,
      131,
      63,
      63,
      229,
      205,
      38,
      155,
      193,
      247,
      157,
    ],
    "exponent2": Uint8Array [
      81,
      116,
      46,
      245,
      69,
      153,
      109,
      108,
      137,
      70,
      199,
      41,
      176,
      214,
      232,
      15,
      139,
      179,
      176,
      31,
      117,
      84,
      137,
      183,
      239,
      100,
      215,
      142,
      100,
      175,
      21,
      217,
      38,
      152,
      187,
      160,
      53,
      21,
      70,
      242,
      22,
      137,
      158,
      248,
      16,
      253,
      212,
      92,
      187,
      137,
      38,
      59,
      213,
      122,
      173,
      255,
      124,
      68,
      142,
      109,
      197,
      222,
      129,
      68,
      172,
      137,
      115,
      38,
      10,
      249,
      232,
      176,
      19,
      206,
      94,
      185,
      17,
      13,
      58,
      72,
      203,
      18,
      47,
      173,
      67,
      87,
      5,
      171,
      187,
      156,
      223,
      42,
      170,
      189,
      98,
      197,
      128,
      234,
      89,
      87,
      243,
      59,
      110,
      151,
      40,
      52,
      144,
      90,
      213,
      41,
      224,
      100,
      75,
      126,
      211,
      234,
      123,
      251,
      66,
      136,
      188,
      138,
      33,
      94,
      232,
      157,
      45,
      105,
    ],
    "modulus": Uint8Array [
      0,
      151,
      14,
      213,
      166,
      71,
      80,
      208,
      137,
      214,
      21,
      103,
      2,
      216,
      62,
      150,
      180,
      64,
      182,
      179,
      226,
      61,
      213,
      159,
      84,
      166,
      237,
      168,
      130,
      125,
      18,
      255,
      6,
      18,
      146,
      38,
      226,
      91,
      141,
      193,
      131,
      45,
      112,
      141,
      222,
      223,
      72,
      119,
      72,
      147,
      118,
      10,
      209,
      102,
      215,
      39,
      196,
      227,
      178,
      66,
      163,
      226,
      124,
      97,
      242,
      66,
      10,
      166,
      36,
      241,
      160,
      64,
      76,
      217,
      116,
      76,
      190,
      42,
      142,
      92,
      39,
      233,
      104,
      16,
      185,
      59,
      150,
      24,
      64,
      147,
      28,
      190,
      72,
      194,
      168,
      233,
      30,
      83,
      184,
      24,
      154,
      57,
      238,
      153,
      139,
      150,
      35,
      183,
      7,
      150,
      26,
      5,
      157,
      53,
      55,
      108,
      132,
      169,
      144,
      201,
      228,
      252,
      101,
      154,
      96,
      114,
      235,
      110,
      196,
      235,
      77,
      2,
      194,
      136,
      46,
      185,
      36,
      38,
      75,
      37,
      101,
      199,
      26,
      248,
      252,
      99,
      149,
      196,
      220,
      158,
      131,
      18,
      155,
      161,
      221,
      232,
      91,
      39,
      2,
      2,
      209,
      205,
      221,
      140,
      216,
      4,
      74,
      248,
      74,
      138,
      135,
      9,
      82,
      215,
      21,
      193,
      80,
      239,
      27,
      65,
      124,
      121,
      172,
      122,
      250,
      232,
      139,
      18,
      132,
      224,
      193,
      218,
      61,
      152,
      17,
      25,
      146,
      20,
      196,
      12,
      101,
      132,
      216,
      24,
      98,
      47,
      137,
      20,
      140,
      70,
      2,
      206,
      92,
      13,
      235,
      11,
      86,
      64,
      57,
      63,
      215,
      33,
      96,
      90,
      160,
      172,
      171,
      143,
      241,
      150,
      200,
      83,
      204,
      202,
      159,
      72,
      154,
      129,
      3,
      52,
      32,
      134,
      16,
      131,
      92,
      137,
      253,
      44,
      230,
      58,
      169,
      160,
      195,
      117,
      136,
      203,
      181,
      255,
      250,
      232,
      159,
      6,
      237,
      13,
      152,
      238,
      58,
      244,
      71,
      17,
      187,
      85,
      149,
      76,
      217,
      207,
      216,
      31,
      44,
      17,
      57,
      49,
      216,
      4,
      176,
      130,
      175,
      90,
      55,
      110,
      124,
      74,
      199,
      22,
      207,
      43,
      203,
      131,
      121,
      230,
      237,
      76,
      239,
      127,
      221,
      99,
      51,
      52,
      93,
      183,
      166,
      230,
      238,
      127,
      10,
      3,
      210,
      185,
      249,
      152,
      105,
      90,
      131,
      198,
      105,
      53,
      51,
      125,
      95,
      159,
      96,
      21,
      144,
      210,
      242,
      39,
      39,
      96,
      236,
      225,
      179,
      215,
      127,
      4,
      250,
      249,
      3,
      154,
      84,
      34,
      35,
      34,
      115,
      188,
      183,
      244,
      200,
      184,
      41,
      33,
      48,
      9,
      158,
      123,
      191,
      76,
      149,
      177,
      44,
      37,
      150,
      47,
      0,
      101,
      241,
      138,
      52,
      171,
      120,
      133,
      150,
      1,
      35,
      38,
      245,
      53,
      245,
      205,
      48,
      241,
      0,
      39,
      15,
      0,
      250,
      166,
      61,
      30,
      107,
      221,
      20,
      46,
      103,
      42,
      145,
      10,
      196,
      243,
      141,
      255,
      34,
      29,
      236,
      239,
      108,
      194,
      209,
      108,
      86,
      206,
      130,
      178,
      179,
      79,
      175,
      202,
      156,
      247,
      114,
      4,
      189,
      93,
      212,
      211,
      123,
      222,
      188,
      6,
      88,
      134,
      64,
      129,
      75,
      43,
      138,
      94,
      34,
      66,
      95,
      92,
      43,
      204,
      105,
      111,
      24,
      145,
      87,
      252,
      120,
      106,
      162,
      43,
      153,
      218,
      82,
      214,
      85,
      110,
      19,
      12,
      226,
      169,
      237,
      138,
      130,
      166,
      145,
      122,
      33,
      197,
      25,
      85,
      213,
      198,
      162,
      186,
      233,
      171,
      152,
      143,
      36,
      236,
      122,
      86,
      12,
      182,
      213,
      164,
      54,
      65,
      32,
      25,
      120,
      26,
      145,
      189,
      111,
      9,
      141,
      105,
      22,
      51,
      125,
    ],
    "otherPrimeInfos": Array [
      Object {
        "coefficient": Uint8Array [
          0,
          205,
          93,
          114,
          222,
          69,
          190,
          121,
          228,
          53,
          96,
          184,
          1,
          194,
          212,
          49,
          131,
          200,
          188,
          214,
          172,
          58,
          222,
          178,
          230,
          196,
          69,
          246,
          72,
          227,
          37,
          141,
          208,
          114,
          194,
          98,
          123,
          248,
          221,
          87,
          133,
          105,
          3,
          236,
          214,
          66,
          249,
          29,
          120,
          164,
          4,
          201,
          222,
          197,
          161,
          211,
          20,
          119,
          156,
          208,
          191,
          72,
          103,
          59,
          85,
          219,
          211,
          37,
          119,
          157,
          203,
          185,
          215,
          66,
          140,
          64,
          114,
          95,
          13,
          128,
          58,
          107,
          96,
          35,
          133,
          100,
          25,
          252,
          121,
          176,
          243,
          156,
          148,
          25,
          8,
          52,
          100,
          98,
          24,
          71,
          50,
          197,
          167,
          182,
          157,
          143,
          50,
          182,
          91,
          96,
          110,
          163,
          106,
          50,
          4,
          173,
          55,
          24,
          73,
          26,
          229,
          29,
          228,
          136,
          127,
          47,
          78,
          199,
          50,
        ],
        "exponent": Uint8Array [
          0,
          204,
          33,
          229,
          253,
          77,
          214,
          3,
          134,
          236,
          113,
          218,
          232,
          220,
          38,
          172,
          15,
          94,
          156,
          241,
          118,
          150,
          7,
          87,
          240,
          210,
          61,
          164,
          242,
          89,
          78,
          5,
          245,
          223,
          43,
          202,
          7,
          38,
          48,
          111,
          146,
          138,
          219,
          103,
          253,
          152,
          27,
          24,
          154,
          157,
          215,
          227,
          6,
          108,
          171,
          32,
          169,
          66,
          66,
          131,
          86,
          35,
          10,
          100,
          21,
          50,
          72,
          225,
          19,
          51,
          18,
          175,
          5,
          72,
          112,
          120,
          18,
          210,
          154,
          2,
          13,
          61,
          198,
          232,
          203,
          219,
          201,
          122,
          12,
          213,
          188,
          252,
          49,
          16,
          26,
          48,
          143,
          162,
          125,
          9,
          129,
          44,
          45,
          89,
          30,
          127,
          5,
          6,
          148,
          122,
          215,
          211,
          216,
          218,
          191,
          160,
          78,
          65,
          166,
          147,
          7,
          91,
          96,
          108,
          233,
          236,
          180,
          181,
          111,
        ],
        "prime": Uint8Array [
          0,
          234,
          137,
          122,
          25,
          247,
          127,
          37,
          139,
          220,
          2,
          126,
          15,
          233,
          4,
          243,
          130,
          148,
          213,
          27,
          200,
          120,
          225,
          37,
          21,
          199,
          244,
          184,
          245,
          156,
          133,
          74,
          80,
          250,
          66,
          33,
          174,
          162,
          47,
          123,
          98,
          77,
          118,
          112,
          8,
          176,
          111,
          114,
          254,
          166,
          175,
          195,
          80,
          141,
          193,
          134,
          39,
          12,
          187,
          63,
          27,
          210,
          163,
          62,
          25,
          61,
          254,
          58,
          150,
          50,
          49,
          121,
          227,
          178,
          61,
          99,
          160,
          60,
          243,
          101,
          105,
          118,
          118,
          32,
          113,
          85,
          102,
          47,
          192,
          243,
          157,
          230,
          166,
          232,
          247,
          253,
          236,
          254,
          88,
          209,
          70,
          192,
          123,
          210,
          29,
          46,
          125,
          50,
          8,
          212,
          109,
          105,
          91,
          222,
          23,
          64,
          168,
          120,
          104,
          100,
          216,
          85,
          23,
          108,
          150,
          182,
          220,
          166,
          15,
        ],
      },
      Object {
        "coefficient": Uint8Array [
          64,
          134,
          170,
          168,
          104,
          52,
          149,
          68,
          88,
          84,
          90,
          200,
          189,
          191,
          223,
          40,
          23,
          224,
          233,
          188,
          237,
          154,
          155,
          96,
          25,
          86,
          157,
          214,
          226,
          80,
          234,
          223,
          185,
          112,
          137,
          183,
          18,
          231,
          226,
          176,
          98,
          131,
          129,
          177,
          178,
          44,
          97,
          229,
          113,
          13,
          151,
          109,
          46,
          126,
          58,
          25,
          161,
          38,
          22,
          202,
          86,
          228,
          204,
          147,
          164,
          181,
          38,
          217,
          39,
          5,
          233,
          250,
          6,
          104,
          184,
          238,
          82,
          76,
          140,
          200,
          106,
          88,
          41,
          129,
          60,
          38,
          4,
          207,
          161,
          55,
          116,
          172,
          39,
          35,
          13,
          206,
          147,
          229,
          127,
          168,
          46,
          54,
          164,
          159,
          180,
          250,
          158,
          61,
          153,
          87,
          215,
          3,
          98,
          84,
          199,
          33,
          36,
          240,
          37,
          171,
          133,
          8,
          132,
          0,
          112,
          79,
          91,
          211,
        ],
        "exponent": Uint8Array [
          0,
          217,
          111,
          223,
          131,
          193,
          140,
          59,
          190,
          225,
          223,
          173,
          86,
          221,
          133,
          255,
          217,
          192,
          217,
          242,
          233,
          188,
          235,
          206,
          106,
          125,
          79,
          149,
          83,
          90,
          18,
          110,
          194,
          59,
          112,
          254,
          91,
          113,
          83,
          152,
          156,
          251,
          113,
          73,
          200,
          250,
          191,
          206,
          197,
          63,
          83,
          8,
          103,
          49,
          218,
          20,
          9,
          73,
          77,
          196,
          251,
          153,
          97,
          91,
          67,
          177,
          71,
          153,
          6,
          132,
          223,
          249,
          194,
          112,
          13,
          177,
          190,
          70,
          120,
          156,
          146,
          214,
          138,
          249,
          101,
          83,
          104,
          72,
          177,
          173,
          151,
          226,
          239,
          81,
          191,
          225,
          189,
          167,
          208,
          176,
          218,
          28,
          122,
          153,
          249,
          7,
          174,
          162,
          65,
          100,
          58,
          3,
          145,
          181,
          3,
          175,
          63,
          154,
          189,
          19,
          160,
          138,
          26,
          49,
          211,
          63,
          38,
          218,
          209,
        ],
        "prime": Uint8Array [
          0,
          222,
          1,
          186,
          11,
          68,
          100,
          28,
          112,
          223,
          249,
          239,
          70,
          121,
          247,
          22,
          113,
          240,
          170,
          248,
          5,
          173,
          188,
          95,
          59,
          194,
          101,
          178,
          32,
          228,
          153,
          129,
          32,
          153,
          221,
          107,
          183,
          162,
          163,
          110,
          130,
          123,
          30,
          146,
          52,
          30,
          251,
          240,
          33,
          126,
          118,
          46,
          4,
          138,
          40,
          196,
          142,
          90,
          237,
          218,
          189,
          42,
          112,
          108,
          161,
          12,
          145,
          120,
          75,
          139,
          178,
          20,
          85,
          123,
          240,
          193,
          135,
          3,
          35,
          105,
          131,
          9,
          25,
          187,
          111,
          66,
          168,
          155,
          239,
          13,
          10,
          58,
          98,
          164,
          23,
          61,
          223,
          85,
          140,
          210,
          45,
          133,
          5,
          37,
          141,
          94,
          10,
          219,
          25,
          185,
          242,
          136,
          228,
          140,
          6,
          183,
          162,
          60,
          65,
          249,
          196,
          206,
          7,
          155,
          254,
          218,
          243,
          1,
          141,
        ],
      },
    ],
    "prime1": Uint8Array [
      0,
      222,
      79,
      28,
      141,
      167,
      23,
      132,
      97,
      57,
      19,
      195,
      246,
      166,
      192,
      127,
      203,
      22,
      49,
      244,
      180,
      84,
      22,
      30,
      253,
      36,
      189,
      129,
      177,
      177,
      243,
      238,
      16,
      235,
      178,
      115,
      172,
      199,
      227,
      230,
      38,
      118,
      91,
      252,
      205,
      100,
      219,
      115,
      167,
      67,
      128,
      142,
      144,
      133,
      220,
      172,
      48,
      107,
      242,
      80,
      146,
      14,
      96,
      108,
      246,
      62,
      176,
      157,
      113,
      181,
      97,
      132,
      244,
      225,
      230,
      203,
      226,
      47,
      198,
      189,
      224,
      223,
      49,
      122,
      38,
      212,
      143,
      116,
      33,
      185,
      163,
      236,
      31,
      134,
      81,
      114,
      183,
      97,
      15,
      24,
      112,
      18,
      96,
      208,
      5,
      38,
      124,
      188,
      248,
      44,
      95,
      173,
      238,
      184,
      37,
      140,
      11,
      229,
      140,
      110,
      48,
      103,
      155,
      234,
      48,
      236,
      223,
      105,
      59,
    ],
    "prime2": Uint8Array [
      0,
      218,
      241,
      29,
      175,
      223,
      144,
      81,
      8,
      254,
      182,
      60,
      26,
      181,
      252,
      5,
      6,
      6,
      53,
      42,
      249,
      231,
      142,
      152,
      74,
      89,
      54,
      91,
      11,
      71,
      110,
      246,
      254,
      110,
      3,
      87,
      88,
      89,
      196,
      6,
      225,
      139,
      190,
      245,
      234,
      202,
      94,
      1,
      148,
      177,
      139,
      207,
      64,
      27,
      115,
      130,
      179,
      58,
      231,
      36,
      246,
      61,
      17,
      123,
      178,
      114,
      194,
      233,
      10,
      235,
      188,
      64,
      221,
      182,
      178,
      100,
      148,
      107,
      84,
      88,
      173,
      237,
      195,
      22,
      231,
      123,
      213,
      173,
      42,
      158,
      226,
      177,
      133,
      130,
      227,
      79,
      98,
      204,
      38,
      212,
      126,
      53,
      235,
      80,
      100,
      6,
      237,
      64,
      241,
      161,
      173,
      243,
      172,
      226,
      103,
      46,
      242,
      94,
      217,
      169,
      59,
      80,
      14,
      194,
      236,
      174,
      64,
      92,
      205,
    ],
    "privateExponent": Uint8Array [
      35,
      237,
      72,
      77,
      34,
      219,
      10,
      174,
      45,
      183,
      171,
      103,
      86,
      205,
      20,
      4,
      204,
      251,
      103,
      47,
      32,
      235,
      196,
      216,
      90,
      87,
      93,
      227,
      163,
      33,
      184,
      123,
      214,
      64,
      226,
      116,
      165,
      183,
      194,
      85,
      147,
      162,
      24,
      107,
      240,
      137,
      8,
      173,
      191,
      60,
      172,
      247,
      254,
      208,
      159,
      73,
      201,
      169,
      229,
      5,
      155,
      97,
      95,
      222,
      65,
      108,
      204,
      245,
      46,
      110,
      161,
      188,
      101,
      95,
      174,
      188,
      239,
      220,
      41,
      248,
      232,
      31,
      115,
      18,
      203,
      36,
      56,
      162,
      107,
      26,
      195,
      251,
      4,
      41,
      46,
      64,
      163,
      66,
      190,
      191,
      55,
      150,
      18,
      248,
      202,
      253,
      181,
      147,
      93,
      84,
      213,
      14,
      253,
      208,
      47,
      196,
      33,
      156,
      41,
      24,
      136,
      27,
      22,
      43,
      104,
      73,
      172,
      111,
      15,
      77,
      89,
      21,
      62,
      78,
      154,
      2,
      24,
      233,
      192,
      201,
      250,
      187,
      228,
      151,
      233,
      162,
      161,
      242,
      18,
      2,
      176,
      10,
      181,
      71,
      66,
      227,
      111,
      241,
      156,
      98,
      77,
      214,
      158,
      76,
      53,
      103,
      1,
      5,
      69,
      208,
      216,
      35,
      106,
      24,
      54,
      12,
      19,
      220,
      116,
      248,
      177,
      54,
      184,
      200,
      20,
      215,
      37,
      27,
      222,
      186,
      228,
      7,
      187,
      43,
      187,
      111,
      254,
      229,
      191,
      29,
      13,
      200,
      79,
      51,
      63,
      223,
      181,
      69,
      240,
      242,
      169,
      50,
      192,
      225,
      77,
      155,
      100,
      35,
      72,
      8,
      243,
      193,
      153,
      17,
      98,
      107,
      61,
      74,
      29,
      140,
      80,
      95,
      89,
      111,
      163,
      86,
      208,
      200,
      173,
      224,
      3,
      37,
      224,
      133,
      26,
      229,
      157,
      244,
      2,
      250,
      131,
      106,
      231,
      130,
      20,
      91,
      73,
      167,
      69,
      54,
      10,
      175,
      22,
      225,
      202,
      242,
      102,
      115,
      202,
      182,
      51,
      46,
      63,
      19,
      2,
      20,
      78,
      205,
      66,
      195,
      53,
      176,
      58,
      142,
      177,
      23,
      8,
      82,
      123,
      205,
      194,
      254,
      234,
      168,
      58,
      40,
      82,
      133,
      37,
      159,
      254,
      131,
      4,
      181,
      18,
      124,
      132,
      8,
      84,
      246,
      227,
      248,
      37,
      76,
      148,
      35,
      70,
      53,
      66,
      142,
      109,
      147,
      168,
      58,
      178,
      201,
      223,
      65,
      31,
      81,
      154,
      247,
      44,
      158,
      101,
      205,
      208,
      71,
      176,
      194,
      161,
      214,
      214,
      143,
      157,
      213,
      93,
      169,
      69,
      22,
      94,
      37,
      192,
      156,
      26,
      177,
      47,
      122,
      78,
      229,
      130,
      146,
      124,
      32,
      129,
      128,
      173,
      137,
      246,
      213,
      73,
      28,
      52,
      253,
      122,
      96,
      95,
      241,
      241,
      59,
      21,
      211,
      62,
      212,
      203,
      136,
      67,
      239,
      41,
      0,
      220,
      112,
      26,
      195,
      17,
      71,
      84,
      87,
      80,
      109,
      69,
      167,
      13,
      200,
      54,
      88,
      200,
      230,
      200,
      14,
      156,
      213,
      177,
      234,
      248,
      186,
      24,
      242,
      128,
      64,
      86,
      28,
      86,
      15,
      55,
      84,
      232,
      5,
      101,
      200,
      30,
      33,
      129,
      51,
      255,
      24,
      87,
      199,
      161,
      163,
      220,
      233,
      17,
      192,
      157,
      136,
      56,
      121,
      175,
      49,
      3,
      111,
      32,
      81,
      122,
      35,
      132,
      242,
      219,
      81,
      208,
      25,
      69,
      64,
      7,
      230,
      185,
      23,
      69,
      118,
      37,
      23,
      127,
      224,
      83,
      14,
      168,
      45,
      15,
      187,
      187,
      1,
      20,
      238,
      208,
      249,
      252,
      109,
      19,
      208,
      111,
      141,
      241,
      81,
      206,
      15,
      137,
      195,
      56,
      1,
      199,
      59,
      160,
      114,
      140,
      233,
      128,
      3,
      100,
      93,
      14,
      65,
    ],
    "publicExponent": Uint8Array [
      1,
      0,
      1,
    ],
  },
}
`;
